TestTerraformAwsExample 2020-02-02T12:58:53-05:00 retry.go:72: terraform [init -upgrade=false]
TestTerraformAwsExample 2020-02-02T12:58:53-05:00 command.go:87: Running command terraform with args [init -upgrade=false]
TestTerraformAwsExample 2020-02-02T12:58:53-05:00 command.go:158: 
TestTerraformAwsExample 2020-02-02T12:58:53-05:00 command.go:158: [0m[1mInitializing the backend...[0m
TestTerraformAwsExample 2020-02-02T12:58:53-05:00 command.go:158: 
TestTerraformAwsExample 2020-02-02T12:58:53-05:00 command.go:158: [0m[1mInitializing provider plugins...[0m
TestTerraformAwsExample 2020-02-02T12:58:54-05:00 command.go:158: 
TestTerraformAwsExample 2020-02-02T12:58:54-05:00 command.go:158: The following providers do not have any version constraints in configuration,
TestTerraformAwsExample 2020-02-02T12:58:54-05:00 command.go:158: so the latest version was installed.
TestTerraformAwsExample 2020-02-02T12:58:54-05:00 command.go:158: 
TestTerraformAwsExample 2020-02-02T12:58:54-05:00 command.go:158: To prevent automatic upgrades to new major versions that may contain breaking
TestTerraformAwsExample 2020-02-02T12:58:54-05:00 command.go:158: changes, it is recommended to add version = "..." constraints to the
TestTerraformAwsExample 2020-02-02T12:58:54-05:00 command.go:158: corresponding provider blocks in configuration, with the constraint strings
TestTerraformAwsExample 2020-02-02T12:58:54-05:00 command.go:158: suggested below.
TestTerraformAwsExample 2020-02-02T12:58:54-05:00 command.go:158: 
TestTerraformAwsExample 2020-02-02T12:58:54-05:00 command.go:158: * provider.aws: version = "~> 2.43"
TestTerraformAwsExample 2020-02-02T12:58:54-05:00 command.go:158: 
TestTerraformAwsExample 2020-02-02T12:58:54-05:00 command.go:158: [0m[1m[32mTerraform has been successfully initialized![0m[32m[0m
TestTerraformAwsExample 2020-02-02T12:58:54-05:00 command.go:158: [0m[32m
TestTerraformAwsExample 2020-02-02T12:58:54-05:00 command.go:158: You may now begin working with Terraform. Try running "terraform plan" to see
TestTerraformAwsExample 2020-02-02T12:58:54-05:00 command.go:158: any changes that are required for your infrastructure. All Terraform commands
TestTerraformAwsExample 2020-02-02T12:58:54-05:00 command.go:158: should now work.
TestTerraformAwsExample 2020-02-02T12:58:54-05:00 command.go:158: 
TestTerraformAwsExample 2020-02-02T12:58:54-05:00 command.go:158: If you ever set or change modules or backend configuration for Terraform,
TestTerraformAwsExample 2020-02-02T12:58:54-05:00 command.go:158: rerun this command to reinitialize your working directory. If you forget, other
TestTerraformAwsExample 2020-02-02T12:58:54-05:00 command.go:158: commands will detect it and remind you to do so if necessary.[0m
TestTerraformAwsExample 2020-02-02T12:58:54-05:00 retry.go:72: terraform [get -update]
TestTerraformAwsExample 2020-02-02T12:58:54-05:00 command.go:87: Running command terraform with args [get -update]
TestTerraformAwsExample 2020-02-02T12:58:54-05:00 retry.go:72: terraform [apply -input=false -auto-approve -lock=false]
TestTerraformAwsExample 2020-02-02T12:58:54-05:00 command.go:87: Running command terraform with args [apply -input=false -auto-approve -lock=false]
TestTerraformAwsExample 2020-02-02T12:58:59-05:00 command.go:158: [0m[1maws_route53_zone.zone: Creating...[0m[0m
TestTerraformAwsExample 2020-02-02T12:58:59-05:00 command.go:158: [0m[1maws_acm_certificate.cert: Creating...[0m[0m
TestTerraformAwsExample 2020-02-02T12:58:59-05:00 command.go:158: [0m[1maws_iam_role.iam_for_lambda: Creating...[0m[0m
TestTerraformAwsExample 2020-02-02T12:58:59-05:00 command.go:158: [0m[1maws_sns_topic.podcast-errors: Creating...[0m[0m
TestTerraformAwsExample 2020-02-02T12:58:59-05:00 command.go:158: [0m[1maws_s3_bucket.content: Creating...[0m[0m
TestTerraformAwsExample 2020-02-02T12:58:59-05:00 command.go:158: [0m[1maws_s3_bucket.rss: Creating...[0m[0m
TestTerraformAwsExample 2020-02-02T12:59:00-05:00 command.go:158: [0m[1maws_iam_role.iam_for_lambda: Creation complete after 0s [id=iam_for_lambda][0m[0m
TestTerraformAwsExample 2020-02-02T12:59:00-05:00 command.go:158: [0m[1maws_iam_role_policy_attachment.sns-publish: Creating...[0m[0m
TestTerraformAwsExample 2020-02-02T12:59:00-05:00 command.go:158: [0m[1maws_iam_role_policy_attachment.lambda-s3-trigger: Creating...[0m[0m
TestTerraformAwsExample 2020-02-02T12:59:00-05:00 command.go:158: [0m[1maws_iam_role_policy_attachment.lambda-cloudwatch: Creating...[0m[0m
TestTerraformAwsExample 2020-02-02T12:59:00-05:00 command.go:158: [0m[1maws_iam_role_policy_attachment.cloudwatch-logging: Creating...[0m[0m
TestTerraformAwsExample 2020-02-02T12:59:00-05:00 command.go:158: [0m[1maws_lambda_function.podcast_xml_generator: Creating...[0m[0m
TestTerraformAwsExample 2020-02-02T12:59:00-05:00 command.go:158: [0m[1maws_sns_topic.podcast-errors: Creation complete after 0s [id=arn:aws:sns:us-east-1:063330731939:podcast-errors][0m[0m
TestTerraformAwsExample 2020-02-02T12:59:00-05:00 command.go:158: [0m[1mdata.aws_iam_policy_document.sns-topic-policy: Refreshing state...[0m
TestTerraformAwsExample 2020-02-02T12:59:00-05:00 command.go:158: [0m[1maws_sns_topic_policy.default: Creating...[0m[0m
TestTerraformAwsExample 2020-02-02T12:59:00-05:00 command.go:158: [0m[1maws_sns_topic_policy.default: Creation complete after 1s [id=arn:aws:sns:us-east-1:063330731939:podcast-errors][0m[0m
TestTerraformAwsExample 2020-02-02T12:59:00-05:00 command.go:158: [0m[1maws_iam_role_policy_attachment.cloudwatch-logging: Creation complete after 1s [id=iam_for_lambda-20200202175900489300000003][0m[0m
TestTerraformAwsExample 2020-02-02T12:59:00-05:00 command.go:158: [0m[1maws_iam_role_policy_attachment.sns-publish: Creation complete after 1s [id=iam_for_lambda-20200202175900496200000004][0m[0m
TestTerraformAwsExample 2020-02-02T12:59:00-05:00 command.go:158: [0m[1maws_iam_role_policy_attachment.lambda-cloudwatch: Creation complete after 1s [id=iam_for_lambda-20200202175900511500000006][0m[0m
TestTerraformAwsExample 2020-02-02T12:59:00-05:00 command.go:158: [0m[1maws_iam_role_policy_attachment.lambda-s3-trigger: Creation complete after 1s [id=iam_for_lambda-20200202175900496800000005][0m[0m
TestTerraformAwsExample 2020-02-02T12:59:02-05:00 command.go:158: [0m[1maws_s3_bucket.content: Creation complete after 2s [id=podcast-content-bucket-name-example][0m[0m
TestTerraformAwsExample 2020-02-02T12:59:02-05:00 command.go:158: [0m[1maws_s3_bucket_policy.content: Creating...[0m[0m
TestTerraformAwsExample 2020-02-02T12:59:02-05:00 command.go:158: [0m[1maws_s3_bucket.rss: Creation complete after 2s [id=podcast-rss-bucket-name-example][0m[0m
TestTerraformAwsExample 2020-02-02T12:59:02-05:00 command.go:158: [0m[1maws_s3_bucket_policy.rss: Creating...[0m[0m
TestTerraformAwsExample 2020-02-02T12:59:02-05:00 command.go:158: [0m[1maws_s3_bucket_policy.content: Creation complete after 1s [id=podcast-content-bucket-name-example][0m[0m
TestTerraformAwsExample 2020-02-02T12:59:02-05:00 command.go:158: [0m[1maws_s3_bucket_policy.rss: Creation complete after 1s [id=podcast-rss-bucket-name-example][0m[0m
TestTerraformAwsExample 2020-02-02T12:59:09-05:00 command.go:158: [0m[1maws_route53_zone.zone: Still creating... [10s elapsed][0m[0m
TestTerraformAwsExample 2020-02-02T12:59:09-05:00 command.go:158: [0m[1maws_acm_certificate.cert: Still creating... [10s elapsed][0m[0m
TestTerraformAwsExample 2020-02-02T12:59:10-05:00 command.go:158: [0m[1maws_lambda_function.podcast_xml_generator: Still creating... [10s elapsed][0m[0m
TestTerraformAwsExample 2020-02-02T12:59:11-05:00 command.go:158: [0m[1maws_acm_certificate.cert: Creation complete after 11s [id=arn:aws:acm:us-east-1:063330731939:certificate/8b294ab6-dae6-48f3-8321-093394fa7db3][0m[0m
TestTerraformAwsExample 2020-02-02T12:59:11-05:00 command.go:158: [0m[1maws_acm_certificate_validation.cert: Creating...[0m[0m
TestTerraformAwsExample 2020-02-02T12:59:11-05:00 command.go:158: [0m[1maws_cloudfront_distribution.podcast_rss: Creating...[0m[0m
TestTerraformAwsExample 2020-02-02T12:59:11-05:00 command.go:158: [0m[1maws_cloudfront_distribution.podcast_content: Creating...[0m[0m
TestTerraformAwsExample 2020-02-02T12:59:14-05:00 command.go:158: [0m[1maws_lambda_function.podcast_xml_generator: Creation complete after 14s [id=Podcast_Name_Example][0m[0m
TestTerraformAwsExample 2020-02-02T12:59:14-05:00 command.go:158: [0m[1maws_s3_bucket_notification.bucket_notification: Creating...[0m[0m
TestTerraformAwsExample 2020-02-02T12:59:14-05:00 command.go:158: [0m[1maws_cloudwatch_metric_alarm.podcast_xml_generation_error: Creating...[0m[0m
TestTerraformAwsExample 2020-02-02T12:59:14-05:00 command.go:158: [0m[1maws_lambda_permission.allow_bucket: Creating...[0m[0m
TestTerraformAwsExample 2020-02-02T12:59:14-05:00 command.go:158: [0m[1maws_lambda_permission.allow_bucket: Creation complete after 0s [id=AllowExecutionFromS3Bucket][0m[0m
TestTerraformAwsExample 2020-02-02T12:59:14-05:00 command.go:158: [0m[1maws_s3_bucket_notification.bucket_notification: Creation complete after 1s [id=podcast-content-bucket-name-example][0m[0m
TestTerraformAwsExample 2020-02-02T12:59:15-05:00 command.go:158: [0m[1maws_cloudwatch_metric_alarm.podcast_xml_generation_error: Creation complete after 1s [id=XML-Generation-Problem][0m[0m
TestTerraformAwsExample 2020-02-02T12:59:19-05:00 command.go:158: [0m[1maws_route53_zone.zone: Still creating... [20s elapsed][0m[0m
TestTerraformAwsExample 2020-02-02T12:59:21-05:00 command.go:158: [0m[1maws_acm_certificate_validation.cert: Still creating... [10s elapsed][0m[0m
TestTerraformAwsExample 2020-02-02T12:59:21-05:00 command.go:158: [0m[1maws_cloudfront_distribution.podcast_rss: Still creating... [10s elapsed][0m[0m
TestTerraformAwsExample 2020-02-02T12:59:21-05:00 command.go:158: [0m[1maws_cloudfront_distribution.podcast_content: Still creating... [10s elapsed][0m[0m
TestTerraformAwsExample 2020-02-02T12:59:28-05:00 command.go:158: [0m[1maws_acm_certificate_validation.cert: Creation complete after 18s [id=2020-02-02 17:59:27 +0000 UTC][0m[0m
TestTerraformAwsExample 2020-02-02T12:59:29-05:00 command.go:158: [0m[1maws_route53_zone.zone: Still creating... [30s elapsed][0m[0m
TestTerraformAwsExample 2020-02-02T12:59:31-05:00 command.go:158: [0m[1maws_cloudfront_distribution.podcast_rss: Still creating... [20s elapsed][0m[0m
TestTerraformAwsExample 2020-02-02T12:59:31-05:00 command.go:158: [0m[1maws_cloudfront_distribution.podcast_content: Still creating... [20s elapsed][0m[0m
TestTerraformAwsExample 2020-02-02T12:59:33-05:00 command.go:158: [0m[1maws_route53_zone.zone: Creation complete after 34s [id=Z3R81NQUMMRWMR][0m[0m
TestTerraformAwsExample 2020-02-02T12:59:41-05:00 command.go:158: [0m[1maws_cloudfront_distribution.podcast_content: Still creating... [30s elapsed][0m[0m
TestTerraformAwsExample 2020-02-02T12:59:41-05:00 command.go:158: [0m[1maws_cloudfront_distribution.podcast_rss: Still creating... [30s elapsed][0m[0m
TestTerraformAwsExample 2020-02-02T12:59:51-05:00 command.go:158: [0m[1maws_cloudfront_distribution.podcast_content: Still creating... [40s elapsed][0m[0m
TestTerraformAwsExample 2020-02-02T12:59:51-05:00 command.go:158: [0m[1maws_cloudfront_distribution.podcast_rss: Still creating... [40s elapsed][0m[0m
TestTerraformAwsExample 2020-02-02T13:00:01-05:00 command.go:158: [0m[1maws_cloudfront_distribution.podcast_content: Still creating... [50s elapsed][0m[0m
TestTerraformAwsExample 2020-02-02T13:00:01-05:00 command.go:158: [0m[1maws_cloudfront_distribution.podcast_rss: Still creating... [50s elapsed][0m[0m
TestTerraformAwsExample 2020-02-02T13:00:11-05:00 command.go:158: [0m[1maws_cloudfront_distribution.podcast_rss: Still creating... [1m0s elapsed][0m[0m
TestTerraformAwsExample 2020-02-02T13:00:11-05:00 command.go:158: [0m[1maws_cloudfront_distribution.podcast_content: Still creating... [1m0s elapsed][0m[0m
TestTerraformAwsExample 2020-02-02T13:00:21-05:00 command.go:158: [0m[1maws_cloudfront_distribution.podcast_content: Still creating... [1m10s elapsed][0m[0m
TestTerraformAwsExample 2020-02-02T13:00:21-05:00 command.go:158: [0m[1maws_cloudfront_distribution.podcast_rss: Still creating... [1m10s elapsed][0m[0m
TestTerraformAwsExample 2020-02-02T13:00:31-05:00 command.go:158: [0m[1maws_cloudfront_distribution.podcast_content: Still creating... [1m20s elapsed][0m[0m
TestTerraformAwsExample 2020-02-02T13:00:31-05:00 command.go:158: [0m[1maws_cloudfront_distribution.podcast_rss: Still creating... [1m20s elapsed][0m[0m
TestTerraformAwsExample 2020-02-02T13:00:41-05:00 command.go:158: [0m[1maws_cloudfront_distribution.podcast_rss: Still creating... [1m30s elapsed][0m[0m
TestTerraformAwsExample 2020-02-02T13:00:41-05:00 command.go:158: [0m[1maws_cloudfront_distribution.podcast_content: Still creating... [1m30s elapsed][0m[0m
TestTerraformAwsExample 2020-02-02T13:00:51-05:00 command.go:158: [0m[1maws_cloudfront_distribution.podcast_rss: Still creating... [1m40s elapsed][0m[0m
TestTerraformAwsExample 2020-02-02T13:00:51-05:00 command.go:158: [0m[1maws_cloudfront_distribution.podcast_content: Still creating... [1m40s elapsed][0m[0m
TestTerraformAwsExample 2020-02-02T13:01:01-05:00 command.go:158: [0m[1maws_cloudfront_distribution.podcast_content: Still creating... [1m50s elapsed][0m[0m
TestTerraformAwsExample 2020-02-02T13:01:01-05:00 command.go:158: [0m[1maws_cloudfront_distribution.podcast_rss: Still creating... [1m50s elapsed][0m[0m
TestTerraformAwsExample 2020-02-02T13:01:11-05:00 command.go:158: [0m[1maws_cloudfront_distribution.podcast_content: Still creating... [2m0s elapsed][0m[0m
TestTerraformAwsExample 2020-02-02T13:01:11-05:00 command.go:158: [0m[1maws_cloudfront_distribution.podcast_rss: Still creating... [2m0s elapsed][0m[0m
TestTerraformAwsExample 2020-02-02T13:01:21-05:00 command.go:158: [0m[1maws_cloudfront_distribution.podcast_rss: Still creating... [2m10s elapsed][0m[0m
TestTerraformAwsExample 2020-02-02T13:01:21-05:00 command.go:158: [0m[1maws_cloudfront_distribution.podcast_content: Still creating... [2m10s elapsed][0m[0m
TestTerraformAwsExample 2020-02-02T13:01:31-05:00 command.go:158: [0m[1maws_cloudfront_distribution.podcast_content: Still creating... [2m20s elapsed][0m[0m
TestTerraformAwsExample 2020-02-02T13:01:31-05:00 command.go:158: [0m[1maws_cloudfront_distribution.podcast_rss: Still creating... [2m20s elapsed][0m[0m
TestTerraformAwsExample 2020-02-02T13:01:41-05:00 command.go:158: [0m[1maws_cloudfront_distribution.podcast_rss: Still creating... [2m30s elapsed][0m[0m
TestTerraformAwsExample 2020-02-02T13:01:41-05:00 command.go:158: [0m[1maws_cloudfront_distribution.podcast_content: Still creating... [2m30s elapsed][0m[0m
TestTerraformAwsExample 2020-02-02T13:01:51-05:00 command.go:158: [0m[1maws_cloudfront_distribution.podcast_rss: Still creating... [2m40s elapsed][0m[0m
TestTerraformAwsExample 2020-02-02T13:01:51-05:00 command.go:158: [0m[1maws_cloudfront_distribution.podcast_content: Still creating... [2m40s elapsed][0m[0m
TestTerraformAwsExample 2020-02-02T13:02:01-05:00 command.go:158: [0m[1maws_cloudfront_distribution.podcast_rss: Still creating... [2m50s elapsed][0m[0m
TestTerraformAwsExample 2020-02-02T13:02:01-05:00 command.go:158: [0m[1maws_cloudfront_distribution.podcast_content: Still creating... [2m50s elapsed][0m[0m
TestTerraformAwsExample 2020-02-02T13:02:11-05:00 command.go:158: [0m[1maws_cloudfront_distribution.podcast_rss: Still creating... [3m0s elapsed][0m[0m
TestTerraformAwsExample 2020-02-02T13:02:11-05:00 command.go:158: [0m[1maws_cloudfront_distribution.podcast_content: Still creating... [3m0s elapsed][0m[0m
TestTerraformAwsExample 2020-02-02T13:02:21-05:00 command.go:158: [0m[1maws_cloudfront_distribution.podcast_rss: Still creating... [3m10s elapsed][0m[0m
TestTerraformAwsExample 2020-02-02T13:02:21-05:00 command.go:158: [0m[1maws_cloudfront_distribution.podcast_content: Still creating... [3m10s elapsed][0m[0m
TestTerraformAwsExample 2020-02-02T13:02:31-05:00 command.go:158: [0m[1maws_cloudfront_distribution.podcast_content: Still creating... [3m20s elapsed][0m[0m
TestTerraformAwsExample 2020-02-02T13:02:31-05:00 command.go:158: [0m[1maws_cloudfront_distribution.podcast_rss: Still creating... [3m20s elapsed][0m[0m
TestTerraformAwsExample 2020-02-02T13:02:41-05:00 command.go:158: [0m[1maws_cloudfront_distribution.podcast_rss: Still creating... [3m30s elapsed][0m[0m
TestTerraformAwsExample 2020-02-02T13:02:41-05:00 command.go:158: [0m[1maws_cloudfront_distribution.podcast_content: Still creating... [3m30s elapsed][0m[0m
TestTerraformAwsExample 2020-02-02T13:02:51-05:00 command.go:158: [0m[1maws_cloudfront_distribution.podcast_content: Still creating... [3m40s elapsed][0m[0m
TestTerraformAwsExample 2020-02-02T13:02:51-05:00 command.go:158: [0m[1maws_cloudfront_distribution.podcast_rss: Still creating... [3m40s elapsed][0m[0m
TestTerraformAwsExample 2020-02-02T13:03:01-05:00 command.go:158: [0m[1maws_cloudfront_distribution.podcast_content: Still creating... [3m50s elapsed][0m[0m
TestTerraformAwsExample 2020-02-02T13:03:01-05:00 command.go:158: [0m[1maws_cloudfront_distribution.podcast_rss: Still creating... [3m50s elapsed][0m[0m
TestTerraformAwsExample 2020-02-02T13:03:11-05:00 command.go:158: [0m[1maws_cloudfront_distribution.podcast_content: Still creating... [4m0s elapsed][0m[0m
TestTerraformAwsExample 2020-02-02T13:03:11-05:00 command.go:158: [0m[1maws_cloudfront_distribution.podcast_rss: Still creating... [4m0s elapsed][0m[0m
TestTerraformAwsExample 2020-02-02T13:03:21-05:00 command.go:158: [0m[1maws_cloudfront_distribution.podcast_rss: Still creating... [4m10s elapsed][0m[0m
TestTerraformAwsExample 2020-02-02T13:03:21-05:00 command.go:158: [0m[1maws_cloudfront_distribution.podcast_content: Still creating... [4m10s elapsed][0m[0m
TestTerraformAwsExample 2020-02-02T13:03:31-05:00 command.go:158: [0m[1maws_cloudfront_distribution.podcast_rss: Still creating... [4m20s elapsed][0m[0m
TestTerraformAwsExample 2020-02-02T13:03:31-05:00 command.go:158: [0m[1maws_cloudfront_distribution.podcast_content: Still creating... [4m20s elapsed][0m[0m
TestTerraformAwsExample 2020-02-02T13:03:41-05:00 command.go:158: [0m[1maws_cloudfront_distribution.podcast_rss: Still creating... [4m30s elapsed][0m[0m
TestTerraformAwsExample 2020-02-02T13:03:41-05:00 command.go:158: [0m[1maws_cloudfront_distribution.podcast_content: Still creating... [4m30s elapsed][0m[0m
TestTerraformAwsExample 2020-02-02T13:03:51-05:00 command.go:158: [0m[1maws_cloudfront_distribution.podcast_rss: Still creating... [4m40s elapsed][0m[0m
TestTerraformAwsExample 2020-02-02T13:03:51-05:00 command.go:158: [0m[1maws_cloudfront_distribution.podcast_content: Still creating... [4m40s elapsed][0m[0m
TestTerraformAwsExample 2020-02-02T13:04:01-05:00 command.go:158: [0m[1maws_cloudfront_distribution.podcast_rss: Still creating... [4m50s elapsed][0m[0m
TestTerraformAwsExample 2020-02-02T13:04:01-05:00 command.go:158: [0m[1maws_cloudfront_distribution.podcast_content: Still creating... [4m50s elapsed][0m[0m
TestTerraformAwsExample 2020-02-02T13:04:11-05:00 command.go:158: [0m[1maws_cloudfront_distribution.podcast_rss: Still creating... [5m0s elapsed][0m[0m
TestTerraformAwsExample 2020-02-02T13:04:11-05:00 command.go:158: [0m[1maws_cloudfront_distribution.podcast_content: Still creating... [5m0s elapsed][0m[0m
TestTerraformAwsExample 2020-02-02T13:04:21-05:00 command.go:158: [0m[1maws_cloudfront_distribution.podcast_rss: Still creating... [5m10s elapsed][0m[0m
TestTerraformAwsExample 2020-02-02T13:04:21-05:00 command.go:158: [0m[1maws_cloudfront_distribution.podcast_content: Still creating... [5m10s elapsed][0m[0m
TestTerraformAwsExample 2020-02-02T13:04:31-05:00 command.go:158: [0m[1maws_cloudfront_distribution.podcast_rss: Still creating... [5m20s elapsed][0m[0m
TestTerraformAwsExample 2020-02-02T13:04:31-05:00 command.go:158: [0m[1maws_cloudfront_distribution.podcast_content: Still creating... [5m20s elapsed][0m[0m
TestTerraformAwsExample 2020-02-02T13:04:41-05:00 command.go:158: [0m[1maws_cloudfront_distribution.podcast_rss: Still creating... [5m30s elapsed][0m[0m
TestTerraformAwsExample 2020-02-02T13:04:41-05:00 command.go:158: [0m[1maws_cloudfront_distribution.podcast_content: Still creating... [5m30s elapsed][0m[0m
TestTerraformAwsExample 2020-02-02T13:04:51-05:00 command.go:158: [0m[1maws_cloudfront_distribution.podcast_rss: Still creating... [5m40s elapsed][0m[0m
TestTerraformAwsExample 2020-02-02T13:04:51-05:00 command.go:158: [0m[1maws_cloudfront_distribution.podcast_content: Still creating... [5m40s elapsed][0m[0m
TestTerraformAwsExample 2020-02-02T13:05:01-05:00 command.go:158: [0m[1maws_cloudfront_distribution.podcast_rss: Still creating... [5m50s elapsed][0m[0m
TestTerraformAwsExample 2020-02-02T13:05:01-05:00 command.go:158: [0m[1maws_cloudfront_distribution.podcast_content: Still creating... [5m50s elapsed][0m[0m
TestTerraformAwsExample 2020-02-02T13:05:11-05:00 command.go:158: [0m[1maws_cloudfront_distribution.podcast_content: Still creating... [6m0s elapsed][0m[0m
TestTerraformAwsExample 2020-02-02T13:05:11-05:00 command.go:158: [0m[1maws_cloudfront_distribution.podcast_rss: Still creating... [6m0s elapsed][0m[0m
TestTerraformAwsExample 2020-02-02T13:05:21-05:00 command.go:158: [0m[1maws_cloudfront_distribution.podcast_content: Still creating... [6m10s elapsed][0m[0m
TestTerraformAwsExample 2020-02-02T13:05:21-05:00 command.go:158: [0m[1maws_cloudfront_distribution.podcast_rss: Still creating... [6m10s elapsed][0m[0m
TestTerraformAwsExample 2020-02-02T13:05:31-05:00 command.go:158: [0m[1maws_cloudfront_distribution.podcast_content: Still creating... [6m20s elapsed][0m[0m
TestTerraformAwsExample 2020-02-02T13:05:31-05:00 command.go:158: [0m[1maws_cloudfront_distribution.podcast_rss: Still creating... [6m20s elapsed][0m[0m
TestTerraformAwsExample 2020-02-02T13:05:41-05:00 command.go:158: [0m[1maws_cloudfront_distribution.podcast_content: Still creating... [6m30s elapsed][0m[0m
TestTerraformAwsExample 2020-02-02T13:05:41-05:00 command.go:158: [0m[1maws_cloudfront_distribution.podcast_rss: Still creating... [6m30s elapsed][0m[0m
TestTerraformAwsExample 2020-02-02T13:05:51-05:00 command.go:158: [0m[1maws_cloudfront_distribution.podcast_content: Still creating... [6m40s elapsed][0m[0m
TestTerraformAwsExample 2020-02-02T13:05:51-05:00 command.go:158: [0m[1maws_cloudfront_distribution.podcast_rss: Still creating... [6m40s elapsed][0m[0m
TestTerraformAwsExample 2020-02-02T13:06:01-05:00 command.go:158: [0m[1maws_cloudfront_distribution.podcast_content: Still creating... [6m50s elapsed][0m[0m
TestTerraformAwsExample 2020-02-02T13:06:01-05:00 command.go:158: [0m[1maws_cloudfront_distribution.podcast_rss: Still creating... [6m50s elapsed][0m[0m
TestTerraformAwsExample 2020-02-02T13:06:11-05:00 command.go:158: [0m[1maws_cloudfront_distribution.podcast_content: Still creating... [7m0s elapsed][0m[0m
TestTerraformAwsExample 2020-02-02T13:06:11-05:00 command.go:158: [0m[1maws_cloudfront_distribution.podcast_rss: Still creating... [7m0s elapsed][0m[0m
TestTerraformAwsExample 2020-02-02T13:06:21-05:00 command.go:158: [0m[1maws_cloudfront_distribution.podcast_content: Still creating... [7m10s elapsed][0m[0m
TestTerraformAwsExample 2020-02-02T13:06:21-05:00 command.go:158: [0m[1maws_cloudfront_distribution.podcast_rss: Still creating... [7m10s elapsed][0m[0m
TestTerraformAwsExample 2020-02-02T13:06:31-05:00 command.go:158: [0m[1maws_cloudfront_distribution.podcast_rss: Still creating... [7m20s elapsed][0m[0m
TestTerraformAwsExample 2020-02-02T13:06:31-05:00 command.go:158: [0m[1maws_cloudfront_distribution.podcast_content: Still creating... [7m20s elapsed][0m[0m
TestTerraformAwsExample 2020-02-02T13:06:41-05:00 command.go:158: [0m[1maws_cloudfront_distribution.podcast_rss: Still creating... [7m30s elapsed][0m[0m
TestTerraformAwsExample 2020-02-02T13:06:41-05:00 command.go:158: [0m[1maws_cloudfront_distribution.podcast_content: Still creating... [7m30s elapsed][0m[0m
TestTerraformAwsExample 2020-02-02T13:06:51-05:00 command.go:158: [0m[1maws_cloudfront_distribution.podcast_content: Still creating... [7m40s elapsed][0m[0m
TestTerraformAwsExample 2020-02-02T13:06:51-05:00 command.go:158: [0m[1maws_cloudfront_distribution.podcast_rss: Still creating... [7m40s elapsed][0m[0m
TestTerraformAwsExample 2020-02-02T13:07:01-05:00 command.go:158: [0m[1maws_cloudfront_distribution.podcast_content: Still creating... [7m50s elapsed][0m[0m
TestTerraformAwsExample 2020-02-02T13:07:01-05:00 command.go:158: [0m[1maws_cloudfront_distribution.podcast_rss: Still creating... [7m50s elapsed][0m[0m
TestTerraformAwsExample 2020-02-02T13:07:11-05:00 command.go:158: [0m[1maws_cloudfront_distribution.podcast_rss: Still creating... [8m0s elapsed][0m[0m
TestTerraformAwsExample 2020-02-02T13:07:11-05:00 command.go:158: [0m[1maws_cloudfront_distribution.podcast_content: Still creating... [8m0s elapsed][0m[0m
TestTerraformAwsExample 2020-02-02T13:07:21-05:00 command.go:158: [0m[1maws_cloudfront_distribution.podcast_rss: Still creating... [8m10s elapsed][0m[0m
TestTerraformAwsExample 2020-02-02T13:07:21-05:00 command.go:158: [0m[1maws_cloudfront_distribution.podcast_content: Still creating... [8m10s elapsed][0m[0m
TestTerraformAwsExample 2020-02-02T13:07:31-05:00 command.go:158: [0m[1maws_cloudfront_distribution.podcast_rss: Still creating... [8m20s elapsed][0m[0m
TestTerraformAwsExample 2020-02-02T13:07:31-05:00 command.go:158: [0m[1maws_cloudfront_distribution.podcast_content: Still creating... [8m20s elapsed][0m[0m
TestTerraformAwsExample 2020-02-02T13:07:41-05:00 command.go:158: [0m[1maws_cloudfront_distribution.podcast_content: Still creating... [8m30s elapsed][0m[0m
TestTerraformAwsExample 2020-02-02T13:07:41-05:00 command.go:158: [0m[1maws_cloudfront_distribution.podcast_rss: Still creating... [8m30s elapsed][0m[0m
TestTerraformAwsExample 2020-02-02T13:07:51-05:00 command.go:158: [0m[1maws_cloudfront_distribution.podcast_rss: Still creating... [8m40s elapsed][0m[0m
TestTerraformAwsExample 2020-02-02T13:07:51-05:00 command.go:158: [0m[1maws_cloudfront_distribution.podcast_content: Still creating... [8m40s elapsed][0m[0m
TestTerraformAwsExample 2020-02-02T13:08:01-05:00 command.go:158: [0m[1maws_cloudfront_distribution.podcast_rss: Still creating... [8m50s elapsed][0m[0m
TestTerraformAwsExample 2020-02-02T13:08:01-05:00 command.go:158: [0m[1maws_cloudfront_distribution.podcast_content: Still creating... [8m50s elapsed][0m[0m
TestTerraformAwsExample 2020-02-02T13:08:11-05:00 command.go:158: [0m[1maws_cloudfront_distribution.podcast_rss: Still creating... [9m0s elapsed][0m[0m
TestTerraformAwsExample 2020-02-02T13:08:11-05:00 command.go:158: [0m[1maws_cloudfront_distribution.podcast_content: Still creating... [9m0s elapsed][0m[0m
TestTerraformAwsExample 2020-02-02T13:08:21-05:00 command.go:158: [0m[1maws_cloudfront_distribution.podcast_rss: Still creating... [9m10s elapsed][0m[0m
TestTerraformAwsExample 2020-02-02T13:08:21-05:00 command.go:158: [0m[1maws_cloudfront_distribution.podcast_content: Still creating... [9m10s elapsed][0m[0m
TestTerraformAwsExample 2020-02-02T13:08:31-05:00 command.go:158: [0m[1maws_cloudfront_distribution.podcast_rss: Still creating... [9m20s elapsed][0m[0m
TestTerraformAwsExample 2020-02-02T13:08:31-05:00 command.go:158: [0m[1maws_cloudfront_distribution.podcast_content: Still creating... [9m20s elapsed][0m[0m
TestTerraformAwsExample 2020-02-02T13:08:41-05:00 command.go:158: [0m[1maws_cloudfront_distribution.podcast_rss: Still creating... [9m30s elapsed][0m[0m
TestTerraformAwsExample 2020-02-02T13:08:41-05:00 command.go:158: [0m[1maws_cloudfront_distribution.podcast_content: Still creating... [9m30s elapsed][0m[0m
TestTerraformAwsExample 2020-02-02T13:08:51-05:00 command.go:158: [0m[1maws_cloudfront_distribution.podcast_rss: Still creating... [9m40s elapsed][0m[0m
TestTerraformAwsExample 2020-02-02T13:08:51-05:00 command.go:158: [0m[1maws_cloudfront_distribution.podcast_content: Still creating... [9m40s elapsed][0m[0m
TestTerraformAwsExample 2020-02-02T13:09:01-05:00 command.go:158: [0m[1maws_cloudfront_distribution.podcast_content: Still creating... [9m50s elapsed][0m[0m
TestTerraformAwsExample 2020-02-02T13:09:01-05:00 command.go:158: [0m[1maws_cloudfront_distribution.podcast_rss: Still creating... [9m50s elapsed][0m[0m
TestTerraformAwsExample 2020-02-02T13:09:11-05:00 command.go:158: [0m[1maws_cloudfront_distribution.podcast_content: Still creating... [10m0s elapsed][0m[0m
TestTerraformAwsExample 2020-02-02T13:09:11-05:00 command.go:158: [0m[1maws_cloudfront_distribution.podcast_rss: Still creating... [10m0s elapsed][0m[0m
TestTerraformAwsExample 2020-02-02T13:09:21-05:00 command.go:158: [0m[1maws_cloudfront_distribution.podcast_rss: Still creating... [10m10s elapsed][0m[0m
TestTerraformAwsExample 2020-02-02T13:09:21-05:00 command.go:158: [0m[1maws_cloudfront_distribution.podcast_content: Still creating... [10m10s elapsed][0m[0m
TestTerraformAwsExample 2020-02-02T13:09:31-05:00 command.go:158: [0m[1maws_cloudfront_distribution.podcast_content: Still creating... [10m20s elapsed][0m[0m
TestTerraformAwsExample 2020-02-02T13:09:31-05:00 command.go:158: [0m[1maws_cloudfront_distribution.podcast_rss: Still creating... [10m20s elapsed][0m[0m
TestTerraformAwsExample 2020-02-02T13:09:41-05:00 command.go:158: [0m[1maws_cloudfront_distribution.podcast_content: Still creating... [10m30s elapsed][0m[0m
TestTerraformAwsExample 2020-02-02T13:09:41-05:00 command.go:158: [0m[1maws_cloudfront_distribution.podcast_rss: Still creating... [10m30s elapsed][0m[0m
TestTerraformAwsExample 2020-02-02T13:09:51-05:00 command.go:158: [0m[1maws_cloudfront_distribution.podcast_content: Still creating... [10m40s elapsed][0m[0m
TestTerraformAwsExample 2020-02-02T13:09:51-05:00 command.go:158: [0m[1maws_cloudfront_distribution.podcast_rss: Still creating... [10m40s elapsed][0m[0m
TestTerraformAwsExample 2020-02-02T13:10:01-05:00 command.go:158: [0m[1maws_cloudfront_distribution.podcast_content: Still creating... [10m50s elapsed][0m[0m
TestTerraformAwsExample 2020-02-02T13:10:01-05:00 command.go:158: [0m[1maws_cloudfront_distribution.podcast_rss: Still creating... [10m50s elapsed][0m[0m
TestTerraformAwsExample 2020-02-02T13:10:11-05:00 command.go:158: [0m[1maws_cloudfront_distribution.podcast_rss: Still creating... [11m0s elapsed][0m[0m
TestTerraformAwsExample 2020-02-02T13:10:11-05:00 command.go:158: [0m[1maws_cloudfront_distribution.podcast_content: Still creating... [11m0s elapsed][0m[0m
TestTerraformAwsExample 2020-02-02T13:10:21-05:00 command.go:158: [0m[1maws_cloudfront_distribution.podcast_rss: Still creating... [11m10s elapsed][0m[0m
TestTerraformAwsExample 2020-02-02T13:10:21-05:00 command.go:158: [0m[1maws_cloudfront_distribution.podcast_content: Still creating... [11m10s elapsed][0m[0m
TestTerraformAwsExample 2020-02-02T13:10:31-05:00 command.go:158: [0m[1maws_cloudfront_distribution.podcast_rss: Still creating... [11m20s elapsed][0m[0m
TestTerraformAwsExample 2020-02-02T13:10:31-05:00 command.go:158: [0m[1maws_cloudfront_distribution.podcast_content: Still creating... [11m20s elapsed][0m[0m
TestTerraformAwsExample 2020-02-02T13:10:41-05:00 command.go:158: [0m[1maws_cloudfront_distribution.podcast_rss: Still creating... [11m30s elapsed][0m[0m
TestTerraformAwsExample 2020-02-02T13:10:41-05:00 command.go:158: [0m[1maws_cloudfront_distribution.podcast_content: Still creating... [11m30s elapsed][0m[0m
TestTerraformAwsExample 2020-02-02T13:10:51-05:00 command.go:158: [0m[1maws_cloudfront_distribution.podcast_rss: Still creating... [11m40s elapsed][0m[0m
TestTerraformAwsExample 2020-02-02T13:10:51-05:00 command.go:158: [0m[1maws_cloudfront_distribution.podcast_content: Still creating... [11m40s elapsed][0m[0m
TestTerraformAwsExample 2020-02-02T13:11:01-05:00 command.go:158: [0m[1maws_cloudfront_distribution.podcast_rss: Still creating... [11m50s elapsed][0m[0m
TestTerraformAwsExample 2020-02-02T13:11:01-05:00 command.go:158: [0m[1maws_cloudfront_distribution.podcast_content: Still creating... [11m50s elapsed][0m[0m
TestTerraformAwsExample 2020-02-02T13:11:11-05:00 command.go:158: [0m[1maws_cloudfront_distribution.podcast_rss: Still creating... [12m0s elapsed][0m[0m
TestTerraformAwsExample 2020-02-02T13:11:11-05:00 command.go:158: [0m[1maws_cloudfront_distribution.podcast_content: Still creating... [12m0s elapsed][0m[0m
TestTerraformAwsExample 2020-02-02T13:11:21-05:00 command.go:158: [0m[1maws_cloudfront_distribution.podcast_rss: Still creating... [12m10s elapsed][0m[0m
TestTerraformAwsExample 2020-02-02T13:11:21-05:00 command.go:158: [0m[1maws_cloudfront_distribution.podcast_content: Still creating... [12m10s elapsed][0m[0m
TestTerraformAwsExample 2020-02-02T13:11:31-05:00 command.go:158: [0m[1maws_cloudfront_distribution.podcast_content: Still creating... [12m20s elapsed][0m[0m
TestTerraformAwsExample 2020-02-02T13:11:31-05:00 command.go:158: [0m[1maws_cloudfront_distribution.podcast_rss: Still creating... [12m20s elapsed][0m[0m
TestTerraformAwsExample 2020-02-02T13:11:41-05:00 command.go:158: [0m[1maws_cloudfront_distribution.podcast_content: Still creating... [12m30s elapsed][0m[0m
TestTerraformAwsExample 2020-02-02T13:11:41-05:00 command.go:158: [0m[1maws_cloudfront_distribution.podcast_rss: Still creating... [12m30s elapsed][0m[0m
TestTerraformAwsExample 2020-02-02T13:11:51-05:00 command.go:158: [0m[1maws_cloudfront_distribution.podcast_rss: Still creating... [12m40s elapsed][0m[0m
TestTerraformAwsExample 2020-02-02T13:11:51-05:00 command.go:158: [0m[1maws_cloudfront_distribution.podcast_content: Still creating... [12m40s elapsed][0m[0m
TestTerraformAwsExample 2020-02-02T13:12:01-05:00 command.go:158: [0m[1maws_cloudfront_distribution.podcast_rss: Still creating... [12m50s elapsed][0m[0m
TestTerraformAwsExample 2020-02-02T13:12:01-05:00 command.go:158: [0m[1maws_cloudfront_distribution.podcast_content: Still creating... [12m50s elapsed][0m[0m
TestTerraformAwsExample 2020-02-02T13:12:11-05:00 command.go:158: [0m[1maws_cloudfront_distribution.podcast_content: Still creating... [13m0s elapsed][0m[0m
TestTerraformAwsExample 2020-02-02T13:12:11-05:00 command.go:158: [0m[1maws_cloudfront_distribution.podcast_rss: Still creating... [13m0s elapsed][0m[0m
TestTerraformAwsExample 2020-02-02T13:12:21-05:00 command.go:158: [0m[1maws_cloudfront_distribution.podcast_rss: Still creating... [13m10s elapsed][0m[0m
TestTerraformAwsExample 2020-02-02T13:12:21-05:00 command.go:158: [0m[1maws_cloudfront_distribution.podcast_content: Still creating... [13m10s elapsed][0m[0m
TestTerraformAwsExample 2020-02-02T13:12:31-05:00 command.go:158: [0m[1maws_cloudfront_distribution.podcast_content: Still creating... [13m20s elapsed][0m[0m
TestTerraformAwsExample 2020-02-02T13:12:31-05:00 command.go:158: [0m[1maws_cloudfront_distribution.podcast_rss: Still creating... [13m20s elapsed][0m[0m
TestTerraformAwsExample 2020-02-02T13:12:41-05:00 command.go:158: [0m[1maws_cloudfront_distribution.podcast_rss: Still creating... [13m30s elapsed][0m[0m
TestTerraformAwsExample 2020-02-02T13:12:41-05:00 command.go:158: [0m[1maws_cloudfront_distribution.podcast_content: Still creating... [13m30s elapsed][0m[0m
TestTerraformAwsExample 2020-02-02T13:12:51-05:00 command.go:158: [0m[1maws_cloudfront_distribution.podcast_content: Still creating... [13m40s elapsed][0m[0m
TestTerraformAwsExample 2020-02-02T13:12:51-05:00 command.go:158: [0m[1maws_cloudfront_distribution.podcast_rss: Still creating... [13m40s elapsed][0m[0m
TestTerraformAwsExample 2020-02-02T13:13:01-05:00 command.go:158: [0m[1maws_cloudfront_distribution.podcast_content: Still creating... [13m50s elapsed][0m[0m
TestTerraformAwsExample 2020-02-02T13:13:01-05:00 command.go:158: [0m[1maws_cloudfront_distribution.podcast_rss: Still creating... [13m50s elapsed][0m[0m
TestTerraformAwsExample 2020-02-02T13:13:11-05:00 command.go:158: [0m[1maws_cloudfront_distribution.podcast_content: Still creating... [14m0s elapsed][0m[0m
TestTerraformAwsExample 2020-02-02T13:13:11-05:00 command.go:158: [0m[1maws_cloudfront_distribution.podcast_rss: Still creating... [14m0s elapsed][0m[0m
TestTerraformAwsExample 2020-02-02T13:13:21-05:00 command.go:158: [0m[1maws_cloudfront_distribution.podcast_content: Still creating... [14m10s elapsed][0m[0m
TestTerraformAwsExample 2020-02-02T13:13:21-05:00 command.go:158: [0m[1maws_cloudfront_distribution.podcast_rss: Still creating... [14m10s elapsed][0m[0m
TestTerraformAwsExample 2020-02-02T13:13:31-05:00 command.go:158: [0m[1maws_cloudfront_distribution.podcast_content: Still creating... [14m20s elapsed][0m[0m
TestTerraformAwsExample 2020-02-02T13:13:31-05:00 command.go:158: [0m[1maws_cloudfront_distribution.podcast_rss: Still creating... [14m20s elapsed][0m[0m
TestTerraformAwsExample 2020-02-02T13:13:41-05:00 command.go:158: [0m[1maws_cloudfront_distribution.podcast_content: Still creating... [14m30s elapsed][0m[0m
TestTerraformAwsExample 2020-02-02T13:13:41-05:00 command.go:158: [0m[1maws_cloudfront_distribution.podcast_rss: Still creating... [14m30s elapsed][0m[0m
TestTerraformAwsExample 2020-02-02T13:13:51-05:00 command.go:158: [0m[1maws_cloudfront_distribution.podcast_content: Still creating... [14m40s elapsed][0m[0m
TestTerraformAwsExample 2020-02-02T13:13:51-05:00 command.go:158: [0m[1maws_cloudfront_distribution.podcast_rss: Still creating... [14m40s elapsed][0m[0m
TestTerraformAwsExample 2020-02-02T13:14:01-05:00 command.go:158: [0m[1maws_cloudfront_distribution.podcast_rss: Still creating... [14m50s elapsed][0m[0m
TestTerraformAwsExample 2020-02-02T13:14:01-05:00 command.go:158: [0m[1maws_cloudfront_distribution.podcast_content: Still creating... [14m50s elapsed][0m[0m
TestTerraformAwsExample 2020-02-02T13:14:11-05:00 command.go:158: [0m[1maws_cloudfront_distribution.podcast_rss: Still creating... [15m0s elapsed][0m[0m
TestTerraformAwsExample 2020-02-02T13:14:11-05:00 command.go:158: [0m[1maws_cloudfront_distribution.podcast_content: Still creating... [15m0s elapsed][0m[0m
TestTerraformAwsExample 2020-02-02T13:14:21-05:00 command.go:158: [0m[1maws_cloudfront_distribution.podcast_content: Still creating... [15m10s elapsed][0m[0m
TestTerraformAwsExample 2020-02-02T13:14:21-05:00 command.go:158: [0m[1maws_cloudfront_distribution.podcast_rss: Still creating... [15m10s elapsed][0m[0m
TestTerraformAwsExample 2020-02-02T13:14:31-05:00 command.go:158: [0m[1maws_cloudfront_distribution.podcast_content: Still creating... [15m20s elapsed][0m[0m
TestTerraformAwsExample 2020-02-02T13:14:31-05:00 command.go:158: [0m[1maws_cloudfront_distribution.podcast_rss: Still creating... [15m20s elapsed][0m[0m
TestTerraformAwsExample 2020-02-02T13:14:41-05:00 command.go:158: [0m[1maws_cloudfront_distribution.podcast_content: Still creating... [15m30s elapsed][0m[0m
TestTerraformAwsExample 2020-02-02T13:14:41-05:00 command.go:158: [0m[1maws_cloudfront_distribution.podcast_rss: Still creating... [15m30s elapsed][0m[0m
TestTerraformAwsExample 2020-02-02T13:14:51-05:00 command.go:158: [0m[1maws_cloudfront_distribution.podcast_rss: Still creating... [15m40s elapsed][0m[0m
TestTerraformAwsExample 2020-02-02T13:14:51-05:00 command.go:158: [0m[1maws_cloudfront_distribution.podcast_content: Still creating... [15m40s elapsed][0m[0m
TestTerraformAwsExample 2020-02-02T13:15:01-05:00 command.go:158: [0m[1maws_cloudfront_distribution.podcast_content: Still creating... [15m50s elapsed][0m[0m
TestTerraformAwsExample 2020-02-02T13:15:01-05:00 command.go:158: [0m[1maws_cloudfront_distribution.podcast_rss: Still creating... [15m50s elapsed][0m[0m
TestTerraformAwsExample 2020-02-02T13:15:11-05:00 command.go:158: [0m[1maws_cloudfront_distribution.podcast_rss: Still creating... [16m0s elapsed][0m[0m
TestTerraformAwsExample 2020-02-02T13:15:11-05:00 command.go:158: [0m[1maws_cloudfront_distribution.podcast_content: Still creating... [16m0s elapsed][0m[0m
TestTerraformAwsExample 2020-02-02T13:15:21-05:00 command.go:158: [0m[1maws_cloudfront_distribution.podcast_content: Still creating... [16m10s elapsed][0m[0m
TestTerraformAwsExample 2020-02-02T13:15:21-05:00 command.go:158: [0m[1maws_cloudfront_distribution.podcast_rss: Still creating... [16m10s elapsed][0m[0m
TestTerraformAwsExample 2020-02-02T13:15:31-05:00 command.go:158: [0m[1maws_cloudfront_distribution.podcast_rss: Still creating... [16m20s elapsed][0m[0m
TestTerraformAwsExample 2020-02-02T13:15:31-05:00 command.go:158: [0m[1maws_cloudfront_distribution.podcast_content: Still creating... [16m20s elapsed][0m[0m
TestTerraformAwsExample 2020-02-02T13:15:41-05:00 command.go:158: [0m[1maws_cloudfront_distribution.podcast_rss: Still creating... [16m30s elapsed][0m[0m
TestTerraformAwsExample 2020-02-02T13:15:41-05:00 command.go:158: [0m[1maws_cloudfront_distribution.podcast_content: Still creating... [16m30s elapsed][0m[0m
TestTerraformAwsExample 2020-02-02T13:15:51-05:00 command.go:158: [0m[1maws_cloudfront_distribution.podcast_content: Still creating... [16m41s elapsed][0m[0m
TestTerraformAwsExample 2020-02-02T13:15:51-05:00 command.go:158: [0m[1maws_cloudfront_distribution.podcast_rss: Still creating... [16m41s elapsed][0m[0m
TestTerraformAwsExample 2020-02-02T13:16:01-05:00 command.go:158: [0m[1maws_cloudfront_distribution.podcast_rss: Still creating... [16m51s elapsed][0m[0m
TestTerraformAwsExample 2020-02-02T13:16:01-05:00 command.go:158: [0m[1maws_cloudfront_distribution.podcast_content: Still creating... [16m51s elapsed][0m[0m
TestTerraformAwsExample 2020-02-02T13:16:11-05:00 command.go:158: [0m[1maws_cloudfront_distribution.podcast_rss: Still creating... [17m1s elapsed][0m[0m
TestTerraformAwsExample 2020-02-02T13:16:11-05:00 command.go:158: [0m[1maws_cloudfront_distribution.podcast_content: Still creating... [17m1s elapsed][0m[0m
TestTerraformAwsExample 2020-02-02T13:16:21-05:00 command.go:158: [0m[1maws_cloudfront_distribution.podcast_rss: Still creating... [17m11s elapsed][0m[0m
TestTerraformAwsExample 2020-02-02T13:16:21-05:00 command.go:158: [0m[1maws_cloudfront_distribution.podcast_content: Still creating... [17m11s elapsed][0m[0m
TestTerraformAwsExample 2020-02-02T13:16:31-05:00 command.go:158: [0m[1maws_cloudfront_distribution.podcast_rss: Still creating... [17m21s elapsed][0m[0m
TestTerraformAwsExample 2020-02-02T13:16:31-05:00 command.go:158: [0m[1maws_cloudfront_distribution.podcast_content: Still creating... [17m21s elapsed][0m[0m
TestTerraformAwsExample 2020-02-02T13:16:41-05:00 command.go:158: [0m[1maws_cloudfront_distribution.podcast_content: Still creating... [17m31s elapsed][0m[0m
TestTerraformAwsExample 2020-02-02T13:16:41-05:00 command.go:158: [0m[1maws_cloudfront_distribution.podcast_rss: Still creating... [17m31s elapsed][0m[0m
TestTerraformAwsExample 2020-02-02T13:16:51-05:00 command.go:158: [0m[1maws_cloudfront_distribution.podcast_content: Still creating... [17m41s elapsed][0m[0m
TestTerraformAwsExample 2020-02-02T13:16:51-05:00 command.go:158: [0m[1maws_cloudfront_distribution.podcast_rss: Still creating... [17m41s elapsed][0m[0m
TestTerraformAwsExample 2020-02-02T13:17:01-05:00 command.go:158: [0m[1maws_cloudfront_distribution.podcast_rss: Still creating... [17m51s elapsed][0m[0m
TestTerraformAwsExample 2020-02-02T13:17:01-05:00 command.go:158: [0m[1maws_cloudfront_distribution.podcast_content: Still creating... [17m51s elapsed][0m[0m
TestTerraformAwsExample 2020-02-02T13:17:11-05:00 command.go:158: [0m[1maws_cloudfront_distribution.podcast_content: Still creating... [18m1s elapsed][0m[0m
TestTerraformAwsExample 2020-02-02T13:17:11-05:00 command.go:158: [0m[1maws_cloudfront_distribution.podcast_rss: Still creating... [18m1s elapsed][0m[0m
TestTerraformAwsExample 2020-02-02T13:17:21-05:00 command.go:158: [0m[1maws_cloudfront_distribution.podcast_rss: Still creating... [18m11s elapsed][0m[0m
TestTerraformAwsExample 2020-02-02T13:17:21-05:00 command.go:158: [0m[1maws_cloudfront_distribution.podcast_content: Still creating... [18m11s elapsed][0m[0m
TestTerraformAwsExample 2020-02-02T13:17:31-05:00 command.go:158: [0m[1maws_cloudfront_distribution.podcast_content: Still creating... [18m21s elapsed][0m[0m
TestTerraformAwsExample 2020-02-02T13:17:31-05:00 command.go:158: [0m[1maws_cloudfront_distribution.podcast_rss: Still creating... [18m21s elapsed][0m[0m
TestTerraformAwsExample 2020-02-02T13:17:41-05:00 command.go:158: [0m[1maws_cloudfront_distribution.podcast_content: Still creating... [18m31s elapsed][0m[0m
TestTerraformAwsExample 2020-02-02T13:17:41-05:00 command.go:158: [0m[1maws_cloudfront_distribution.podcast_rss: Still creating... [18m31s elapsed][0m[0m
TestTerraformAwsExample 2020-02-02T13:17:51-05:00 command.go:158: [0m[1maws_cloudfront_distribution.podcast_rss: Still creating... [18m41s elapsed][0m[0m
TestTerraformAwsExample 2020-02-02T13:17:51-05:00 command.go:158: [0m[1maws_cloudfront_distribution.podcast_content: Still creating... [18m41s elapsed][0m[0m
TestTerraformAwsExample 2020-02-02T13:18:01-05:00 command.go:158: [0m[1maws_cloudfront_distribution.podcast_content: Still creating... [18m51s elapsed][0m[0m
TestTerraformAwsExample 2020-02-02T13:18:01-05:00 command.go:158: [0m[1maws_cloudfront_distribution.podcast_rss: Still creating... [18m51s elapsed][0m[0m
TestTerraformAwsExample 2020-02-02T13:18:11-05:00 command.go:158: [0m[1maws_cloudfront_distribution.podcast_rss: Still creating... [19m1s elapsed][0m[0m
TestTerraformAwsExample 2020-02-02T13:18:11-05:00 command.go:158: [0m[1maws_cloudfront_distribution.podcast_content: Still creating... [19m1s elapsed][0m[0m
TestTerraformAwsExample 2020-02-02T13:18:21-05:00 command.go:158: [0m[1maws_cloudfront_distribution.podcast_rss: Still creating... [19m11s elapsed][0m[0m
TestTerraformAwsExample 2020-02-02T13:18:21-05:00 command.go:158: [0m[1maws_cloudfront_distribution.podcast_content: Still creating... [19m11s elapsed][0m[0m
TestTerraformAwsExample 2020-02-02T13:18:31-05:00 command.go:158: [0m[1maws_cloudfront_distribution.podcast_content: Still creating... [19m21s elapsed][0m[0m
TestTerraformAwsExample 2020-02-02T13:18:31-05:00 command.go:158: [0m[1maws_cloudfront_distribution.podcast_rss: Still creating... [19m21s elapsed][0m[0m
TestTerraformAwsExample 2020-02-02T13:18:41-05:00 command.go:158: [0m[1maws_cloudfront_distribution.podcast_rss: Still creating... [19m31s elapsed][0m[0m
TestTerraformAwsExample 2020-02-02T13:18:41-05:00 command.go:158: [0m[1maws_cloudfront_distribution.podcast_content: Still creating... [19m31s elapsed][0m[0m
TestTerraformAwsExample 2020-02-02T13:18:51-05:00 command.go:158: [0m[1maws_cloudfront_distribution.podcast_rss: Still creating... [19m41s elapsed][0m[0m
TestTerraformAwsExample 2020-02-02T13:18:51-05:00 command.go:158: [0m[1maws_cloudfront_distribution.podcast_content: Still creating... [19m41s elapsed][0m[0m
TestTerraformAwsExample 2020-02-02T13:19:01-05:00 command.go:158: [0m[1maws_cloudfront_distribution.podcast_rss: Still creating... [19m51s elapsed][0m[0m
TestTerraformAwsExample 2020-02-02T13:19:01-05:00 command.go:158: [0m[1maws_cloudfront_distribution.podcast_content: Still creating... [19m51s elapsed][0m[0m
TestTerraformAwsExample 2020-02-02T13:19:11-05:00 command.go:158: [0m[1maws_cloudfront_distribution.podcast_rss: Still creating... [20m1s elapsed][0m[0m
TestTerraformAwsExample 2020-02-02T13:19:11-05:00 command.go:158: [0m[1maws_cloudfront_distribution.podcast_content: Still creating... [20m1s elapsed][0m[0m
TestTerraformAwsExample 2020-02-02T13:19:21-05:00 command.go:158: [0m[1maws_cloudfront_distribution.podcast_content: Still creating... [20m11s elapsed][0m[0m
TestTerraformAwsExample 2020-02-02T13:19:21-05:00 command.go:158: [0m[1maws_cloudfront_distribution.podcast_rss: Still creating... [20m11s elapsed][0m[0m
TestTerraformAwsExample 2020-02-02T13:19:31-05:00 command.go:158: [0m[1maws_cloudfront_distribution.podcast_rss: Still creating... [20m21s elapsed][0m[0m
TestTerraformAwsExample 2020-02-02T13:19:31-05:00 command.go:158: [0m[1maws_cloudfront_distribution.podcast_content: Still creating... [20m21s elapsed][0m[0m
TestTerraformAwsExample 2020-02-02T13:19:32-05:00 command.go:158: [0m[1maws_cloudfront_distribution.podcast_content: Creation complete after 20m22s [id=E29YWGGYPHK7EK][0m[0m
TestTerraformAwsExample 2020-02-02T13:19:33-05:00 command.go:158: [0m[1maws_cloudfront_distribution.podcast_rss: Creation complete after 20m22s [id=ELMH8RFAM0YPK][0m[0m
TestTerraformAwsExample 2020-02-02T13:19:33-05:00 command.go:158: [0m[1maws_route53_record.podcastcontent: Creating...[0m[0m
TestTerraformAwsExample 2020-02-02T13:19:33-05:00 command.go:158: [0m[1maws_route53_record.podcast: Creating...[0m[0m
TestTerraformAwsExample 2020-02-02T13:19:43-05:00 command.go:158: [0m[1maws_route53_record.podcast: Still creating... [10s elapsed][0m[0m
TestTerraformAwsExample 2020-02-02T13:19:43-05:00 command.go:158: [0m[1maws_route53_record.podcastcontent: Still creating... [10s elapsed][0m[0m
TestTerraformAwsExample 2020-02-02T13:19:53-05:00 command.go:158: [0m[1maws_route53_record.podcastcontent: Still creating... [20s elapsed][0m[0m
TestTerraformAwsExample 2020-02-02T13:19:53-05:00 command.go:158: [0m[1maws_route53_record.podcast: Still creating... [20s elapsed][0m[0m
TestTerraformAwsExample 2020-02-02T13:20:03-05:00 command.go:158: [0m[1maws_route53_record.podcast: Still creating... [30s elapsed][0m[0m
TestTerraformAwsExample 2020-02-02T13:20:03-05:00 command.go:158: [0m[1maws_route53_record.podcastcontent: Still creating... [30s elapsed][0m[0m
TestTerraformAwsExample 2020-02-02T13:20:09-05:00 command.go:158: [0m[1maws_route53_record.podcast: Creation complete after 37s [id=Z3R81NQUMMRWMR_podcast.michaelgoehle.com_A][0m[0m
TestTerraformAwsExample 2020-02-02T13:20:09-05:00 command.go:158: [0m[1maws_route53_record.podcastcontent: Creation complete after 37s [id=Z3R81NQUMMRWMR_podcastcontent.michaelgoehle.com_A][0m[0m
TestTerraformAwsExample 2020-02-02T13:20:09-05:00 command.go:158: [0m[1m[32m
TestTerraformAwsExample 2020-02-02T13:20:09-05:00 command.go:158: Apply complete! Resources: 22 added, 0 changed, 0 destroyed.[0m
TestTerraformAwsExample 2020-02-02T13:20:09-05:00 retry.go:72: terraform [destroy -auto-approve -input=false -lock=false]
TestTerraformAwsExample 2020-02-02T13:20:09-05:00 command.go:87: Running command terraform with args [destroy -auto-approve -input=false -lock=false]
TestTerraformAwsExample 2020-02-02T13:20:13-05:00 command.go:158: [0m[1maws_sns_topic.podcast-errors: Refreshing state... [id=arn:aws:sns:us-east-1:063330731939:podcast-errors][0m
TestTerraformAwsExample 2020-02-02T13:20:13-05:00 command.go:158: [0m[1maws_iam_role.iam_for_lambda: Refreshing state... [id=iam_for_lambda][0m
TestTerraformAwsExample 2020-02-02T13:20:13-05:00 command.go:158: [0m[1maws_acm_certificate.cert: Refreshing state... [id=arn:aws:acm:us-east-1:063330731939:certificate/8b294ab6-dae6-48f3-8321-093394fa7db3][0m
TestTerraformAwsExample 2020-02-02T13:20:13-05:00 command.go:158: [0m[1maws_route53_zone.zone: Refreshing state... [id=Z3R81NQUMMRWMR][0m
TestTerraformAwsExample 2020-02-02T13:20:13-05:00 command.go:158: [0m[1maws_s3_bucket.rss: Refreshing state... [id=podcast-rss-bucket-name-example][0m
TestTerraformAwsExample 2020-02-02T13:20:13-05:00 command.go:158: [0m[1maws_s3_bucket.content: Refreshing state... [id=podcast-content-bucket-name-example][0m
TestTerraformAwsExample 2020-02-02T13:20:13-05:00 command.go:158: [0m[1maws_iam_role_policy_attachment.sns-publish: Refreshing state... [id=iam_for_lambda-20200202175900496200000004][0m
TestTerraformAwsExample 2020-02-02T13:20:13-05:00 command.go:158: [0m[1maws_iam_role_policy_attachment.lambda-s3-trigger: Refreshing state... [id=iam_for_lambda-20200202175900496800000005][0m
TestTerraformAwsExample 2020-02-02T13:20:13-05:00 command.go:158: [0m[1maws_iam_role_policy_attachment.cloudwatch-logging: Refreshing state... [id=iam_for_lambda-20200202175900489300000003][0m
TestTerraformAwsExample 2020-02-02T13:20:13-05:00 command.go:158: [0m[1maws_iam_role_policy_attachment.lambda-cloudwatch: Refreshing state... [id=iam_for_lambda-20200202175900511500000006][0m
TestTerraformAwsExample 2020-02-02T13:20:13-05:00 command.go:158: [0m[1maws_lambda_function.podcast_xml_generator: Refreshing state... [id=Podcast_Name_Example][0m
TestTerraformAwsExample 2020-02-02T13:20:13-05:00 command.go:158: [0m[1mdata.aws_iam_policy_document.sns-topic-policy: Refreshing state...[0m
TestTerraformAwsExample 2020-02-02T13:20:13-05:00 command.go:158: [0m[1maws_sns_topic_policy.default: Refreshing state... [id=arn:aws:sns:us-east-1:063330731939:podcast-errors][0m
TestTerraformAwsExample 2020-02-02T13:20:13-05:00 command.go:158: [0m[1maws_acm_certificate_validation.cert: Refreshing state... [id=2020-02-02 17:59:27 +0000 UTC][0m
TestTerraformAwsExample 2020-02-02T13:20:13-05:00 command.go:158: [0m[1maws_cloudwatch_metric_alarm.podcast_xml_generation_error: Refreshing state... [id=XML-Generation-Problem][0m
TestTerraformAwsExample 2020-02-02T13:20:15-05:00 command.go:158: [0m[1maws_lambda_permission.allow_bucket: Refreshing state... [id=AllowExecutionFromS3Bucket][0m
TestTerraformAwsExample 2020-02-02T13:20:15-05:00 command.go:158: [0m[1maws_s3_bucket_policy.content: Refreshing state... [id=podcast-content-bucket-name-example][0m
TestTerraformAwsExample 2020-02-02T13:20:15-05:00 command.go:158: [0m[1maws_s3_bucket_notification.bucket_notification: Refreshing state... [id=podcast-content-bucket-name-example][0m
TestTerraformAwsExample 2020-02-02T13:20:15-05:00 command.go:158: [0m[1maws_cloudfront_distribution.podcast_content: Refreshing state... [id=E29YWGGYPHK7EK][0m
TestTerraformAwsExample 2020-02-02T13:20:15-05:00 command.go:158: [0m[1maws_s3_bucket_policy.rss: Refreshing state... [id=podcast-rss-bucket-name-example][0m
TestTerraformAwsExample 2020-02-02T13:20:15-05:00 command.go:158: [0m[1maws_cloudfront_distribution.podcast_rss: Refreshing state... [id=ELMH8RFAM0YPK][0m
TestTerraformAwsExample 2020-02-02T13:20:15-05:00 command.go:158: [0m[1maws_route53_record.podcastcontent: Refreshing state... [id=Z3R81NQUMMRWMR_podcastcontent.michaelgoehle.com_A][0m
TestTerraformAwsExample 2020-02-02T13:20:15-05:00 command.go:158: [0m[1maws_route53_record.podcast: Refreshing state... [id=Z3R81NQUMMRWMR_podcast.michaelgoehle.com_A][0m
TestTerraformAwsExample 2020-02-02T13:20:17-05:00 command.go:158: [0m[1maws_s3_bucket_policy.rss: Destroying... [id=podcast-rss-bucket-name-example][0m[0m
TestTerraformAwsExample 2020-02-02T13:20:17-05:00 command.go:158: [0m[1maws_route53_record.podcastcontent: Destroying... [id=Z3R81NQUMMRWMR_podcastcontent.michaelgoehle.com_A][0m[0m
TestTerraformAwsExample 2020-02-02T13:20:17-05:00 command.go:158: [0m[1maws_iam_role_policy_attachment.cloudwatch-logging: Destroying... [id=iam_for_lambda-20200202175900489300000003][0m[0m
TestTerraformAwsExample 2020-02-02T13:20:17-05:00 command.go:158: [0m[1maws_sns_topic_policy.default: Destroying... [id=arn:aws:sns:us-east-1:063330731939:podcast-errors][0m[0m
TestTerraformAwsExample 2020-02-02T13:20:17-05:00 command.go:158: [0m[1maws_iam_role_policy_attachment.lambda-s3-trigger: Destroying... [id=iam_for_lambda-20200202175900496800000005][0m[0m
TestTerraformAwsExample 2020-02-02T13:20:17-05:00 command.go:158: [0m[1maws_iam_role_policy_attachment.lambda-cloudwatch: Destroying... [id=iam_for_lambda-20200202175900511500000006][0m[0m
TestTerraformAwsExample 2020-02-02T13:20:17-05:00 command.go:158: [0m[1maws_s3_bucket_notification.bucket_notification: Destroying... [id=podcast-content-bucket-name-example][0m[0m
TestTerraformAwsExample 2020-02-02T13:20:17-05:00 command.go:158: [0m[1maws_s3_bucket_policy.content: Destroying... [id=podcast-content-bucket-name-example][0m[0m
TestTerraformAwsExample 2020-02-02T13:20:17-05:00 command.go:158: [0m[1maws_cloudwatch_metric_alarm.podcast_xml_generation_error: Destroying... [id=XML-Generation-Problem][0m[0m
TestTerraformAwsExample 2020-02-02T13:20:17-05:00 command.go:158: [0m[1maws_route53_record.podcast: Destroying... [id=Z3R81NQUMMRWMR_podcast.michaelgoehle.com_A][0m[0m
TestTerraformAwsExample 2020-02-02T13:20:17-05:00 command.go:158: [0m[1maws_iam_role_policy_attachment.lambda-s3-trigger: Destruction complete after 0s[0m[0m
TestTerraformAwsExample 2020-02-02T13:20:17-05:00 command.go:158: [0m[1maws_sns_topic_policy.default: Destruction complete after 0s[0m[0m
TestTerraformAwsExample 2020-02-02T13:20:17-05:00 command.go:158: [0m[1maws_iam_role_policy_attachment.cloudwatch-logging: Destruction complete after 0s[0m[0m
TestTerraformAwsExample 2020-02-02T13:20:17-05:00 command.go:158: [0m[1maws_lambda_permission.allow_bucket: Destroying... [id=AllowExecutionFromS3Bucket][0m[0m
TestTerraformAwsExample 2020-02-02T13:20:17-05:00 command.go:158: [0m[1maws_s3_bucket_policy.rss: Destruction complete after 0s[0m[0m
TestTerraformAwsExample 2020-02-02T13:20:17-05:00 command.go:158: [0m[1maws_iam_role_policy_attachment.lambda-cloudwatch: Destruction complete after 0s[0m[0m
TestTerraformAwsExample 2020-02-02T13:20:17-05:00 command.go:158: [0m[1maws_iam_role_policy_attachment.sns-publish: Destroying... [id=iam_for_lambda-20200202175900496200000004][0m[0m
TestTerraformAwsExample 2020-02-02T13:20:17-05:00 command.go:158: [0m[1maws_acm_certificate_validation.cert: Destroying... [id=2020-02-02 17:59:27 +0000 UTC][0m[0m
TestTerraformAwsExample 2020-02-02T13:20:17-05:00 command.go:158: [0m[1maws_acm_certificate_validation.cert: Destruction complete after 0s[0m[0m
TestTerraformAwsExample 2020-02-02T13:20:17-05:00 command.go:158: [0m[1maws_s3_bucket_policy.content: Destruction complete after 0s[0m[0m
TestTerraformAwsExample 2020-02-02T13:20:17-05:00 command.go:158: [0m[1maws_iam_role_policy_attachment.sns-publish: Destruction complete after 0s[0m[0m
TestTerraformAwsExample 2020-02-02T13:20:17-05:00 command.go:158: [0m[1maws_cloudwatch_metric_alarm.podcast_xml_generation_error: Destruction complete after 0s[0m[0m
TestTerraformAwsExample 2020-02-02T13:20:17-05:00 command.go:158: [0m[1maws_sns_topic.podcast-errors: Destroying... [id=arn:aws:sns:us-east-1:063330731939:podcast-errors][0m[0m
TestTerraformAwsExample 2020-02-02T13:20:18-05:00 command.go:158: [0m[1maws_lambda_permission.allow_bucket: Destruction complete after 0s[0m[0m
TestTerraformAwsExample 2020-02-02T13:20:18-05:00 command.go:158: [0m[1maws_sns_topic.podcast-errors: Destruction complete after 0s[0m[0m
TestTerraformAwsExample 2020-02-02T13:20:27-05:00 command.go:158: [0m[1maws_route53_record.podcastcontent: Still destroying... [id=Z3R81NQUMMRWMR_podcastcontent.michaelgoehle.com_A, 10s elapsed][0m[0m
TestTerraformAwsExample 2020-02-02T13:20:27-05:00 command.go:158: [0m[1maws_route53_record.podcast: Still destroying... [id=Z3R81NQUMMRWMR_podcast.michaelgoehle.com_A, 10s elapsed][0m[0m
TestTerraformAwsExample 2020-02-02T13:20:37-05:00 command.go:158: [0m[1maws_route53_record.podcastcontent: Still destroying... [id=Z3R81NQUMMRWMR_podcastcontent.michaelgoehle.com_A, 20s elapsed][0m[0m
TestTerraformAwsExample 2020-02-02T13:20:37-05:00 command.go:158: [0m[1maws_route53_record.podcast: Still destroying... [id=Z3R81NQUMMRWMR_podcast.michaelgoehle.com_A, 20s elapsed][0m[0m
TestTerraformAwsExample 2020-02-02T13:20:47-05:00 command.go:158: [0m[1maws_route53_record.podcastcontent: Still destroying... [id=Z3R81NQUMMRWMR_podcastcontent.michaelgoehle.com_A, 30s elapsed][0m[0m
TestTerraformAwsExample 2020-02-02T13:20:47-05:00 command.go:158: [0m[1maws_route53_record.podcast: Still destroying... [id=Z3R81NQUMMRWMR_podcast.michaelgoehle.com_A, 30s elapsed][0m[0m
TestTerraformAwsExample 2020-02-02T13:20:48-05:00 command.go:158: [0m[1maws_route53_record.podcast: Destruction complete after 30s[0m[0m
TestTerraformAwsExample 2020-02-02T13:20:48-05:00 command.go:158: [0m[1maws_cloudfront_distribution.podcast_rss: Destroying... [id=ELMH8RFAM0YPK][0m[0m
TestTerraformAwsExample 2020-02-02T13:20:54-05:00 command.go:158: [0m[1maws_route53_record.podcastcontent: Destruction complete after 37s[0m[0m
TestTerraformAwsExample 2020-02-02T13:20:54-05:00 command.go:158: [0m[1maws_route53_zone.zone: Destroying... [id=Z3R81NQUMMRWMR][0m[0m
TestTerraformAwsExample 2020-02-02T13:20:54-05:00 command.go:158: [0m[1maws_cloudfront_distribution.podcast_content: Destroying... [id=E29YWGGYPHK7EK][0m[0m
TestTerraformAwsExample 2020-02-02T13:20:55-05:00 command.go:158: [0m[1maws_route53_zone.zone: Destruction complete after 0s[0m[0m
TestTerraformAwsExample 2020-02-02T13:20:58-05:00 command.go:158: [0m[1maws_cloudfront_distribution.podcast_rss: Still destroying... [id=ELMH8RFAM0YPK, 10s elapsed][0m[0m
TestTerraformAwsExample 2020-02-02T13:21:04-05:00 command.go:158: [0m[1maws_cloudfront_distribution.podcast_content: Still destroying... [id=E29YWGGYPHK7EK, 10s elapsed][0m[0m
TestTerraformAwsExample 2020-02-02T13:21:08-05:00 command.go:158: [0m[1maws_cloudfront_distribution.podcast_rss: Still destroying... [id=ELMH8RFAM0YPK, 20s elapsed][0m[0m
TestTerraformAwsExample 2020-02-02T13:21:14-05:00 command.go:158: [0m[1maws_cloudfront_distribution.podcast_content: Still destroying... [id=E29YWGGYPHK7EK, 20s elapsed][0m[0m
TestTerraformAwsExample 2020-02-02T13:21:18-05:00 command.go:158: [0m[1maws_cloudfront_distribution.podcast_rss: Still destroying... [id=ELMH8RFAM0YPK, 30s elapsed][0m[0m
TestTerraformAwsExample 2020-02-02T13:21:25-05:00 command.go:158: [0m[1maws_cloudfront_distribution.podcast_content: Still destroying... [id=E29YWGGYPHK7EK, 30s elapsed][0m[0m
TestTerraformAwsExample 2020-02-02T13:21:28-05:00 command.go:158: [0m[1maws_cloudfront_distribution.podcast_rss: Still destroying... [id=ELMH8RFAM0YPK, 40s elapsed][0m[0m
TestTerraformAwsExample 2020-02-02T13:21:35-05:00 command.go:158: [0m[1maws_cloudfront_distribution.podcast_content: Still destroying... [id=E29YWGGYPHK7EK, 40s elapsed][0m[0m
TestTerraformAwsExample 2020-02-02T13:21:38-05:00 command.go:158: [0m[1maws_cloudfront_distribution.podcast_rss: Still destroying... [id=ELMH8RFAM0YPK, 50s elapsed][0m[0m
TestTerraformAwsExample 2020-02-02T13:21:45-05:00 command.go:158: [0m[1maws_cloudfront_distribution.podcast_content: Still destroying... [id=E29YWGGYPHK7EK, 50s elapsed][0m[0m
TestTerraformAwsExample 2020-02-02T13:21:48-05:00 command.go:158: [0m[1maws_cloudfront_distribution.podcast_rss: Still destroying... [id=ELMH8RFAM0YPK, 1m0s elapsed][0m[0m
TestTerraformAwsExample 2020-02-02T13:21:55-05:00 command.go:158: [0m[1maws_cloudfront_distribution.podcast_content: Still destroying... [id=E29YWGGYPHK7EK, 1m0s elapsed][0m[0m
TestTerraformAwsExample 2020-02-02T13:21:58-05:00 command.go:158: [0m[1maws_cloudfront_distribution.podcast_rss: Still destroying... [id=ELMH8RFAM0YPK, 1m10s elapsed][0m[0m
TestTerraformAwsExample 2020-02-02T13:22:05-05:00 command.go:158: [0m[1maws_cloudfront_distribution.podcast_content: Still destroying... [id=E29YWGGYPHK7EK, 1m10s elapsed][0m[0m
TestTerraformAwsExample 2020-02-02T13:22:08-05:00 command.go:158: [0m[1maws_cloudfront_distribution.podcast_rss: Still destroying... [id=ELMH8RFAM0YPK, 1m20s elapsed][0m[0m
TestTerraformAwsExample 2020-02-02T13:22:15-05:00 command.go:158: [0m[1maws_cloudfront_distribution.podcast_content: Still destroying... [id=E29YWGGYPHK7EK, 1m20s elapsed][0m[0m
TestTerraformAwsExample 2020-02-02T13:22:18-05:00 command.go:158: [0m[1maws_cloudfront_distribution.podcast_rss: Still destroying... [id=ELMH8RFAM0YPK, 1m30s elapsed][0m[0m
TestTerraformAwsExample 2020-02-02T13:22:25-05:00 command.go:158: [0m[1maws_cloudfront_distribution.podcast_content: Still destroying... [id=E29YWGGYPHK7EK, 1m30s elapsed][0m[0m
TestTerraformAwsExample 2020-02-02T13:22:28-05:00 command.go:158: [0m[1maws_cloudfront_distribution.podcast_rss: Still destroying... [id=ELMH8RFAM0YPK, 1m40s elapsed][0m[0m
TestTerraformAwsExample 2020-02-02T13:22:35-05:00 command.go:158: [0m[1maws_cloudfront_distribution.podcast_content: Still destroying... [id=E29YWGGYPHK7EK, 1m40s elapsed][0m[0m
TestTerraformAwsExample 2020-02-02T13:22:38-05:00 command.go:158: [0m[1maws_cloudfront_distribution.podcast_rss: Still destroying... [id=ELMH8RFAM0YPK, 1m50s elapsed][0m[0m
TestTerraformAwsExample 2020-02-02T13:22:45-05:00 command.go:158: [0m[1maws_cloudfront_distribution.podcast_content: Still destroying... [id=E29YWGGYPHK7EK, 1m50s elapsed][0m[0m
TestTerraformAwsExample 2020-02-02T13:22:48-05:00 command.go:158: [0m[1maws_cloudfront_distribution.podcast_rss: Still destroying... [id=ELMH8RFAM0YPK, 2m0s elapsed][0m[0m
TestTerraformAwsExample 2020-02-02T13:22:55-05:00 command.go:158: [0m[1maws_cloudfront_distribution.podcast_content: Still destroying... [id=E29YWGGYPHK7EK, 2m0s elapsed][0m[0m
TestTerraformAwsExample 2020-02-02T13:22:58-05:00 command.go:158: [0m[1maws_cloudfront_distribution.podcast_rss: Still destroying... [id=ELMH8RFAM0YPK, 2m10s elapsed][0m[0m
TestTerraformAwsExample 2020-02-02T13:23:05-05:00 command.go:158: [0m[1maws_cloudfront_distribution.podcast_content: Still destroying... [id=E29YWGGYPHK7EK, 2m10s elapsed][0m[0m
TestTerraformAwsExample 2020-02-02T13:23:08-05:00 command.go:158: [0m[1maws_cloudfront_distribution.podcast_rss: Still destroying... [id=ELMH8RFAM0YPK, 2m20s elapsed][0m[0m
TestTerraformAwsExample 2020-02-02T13:23:15-05:00 command.go:158: [0m[1maws_cloudfront_distribution.podcast_content: Still destroying... [id=E29YWGGYPHK7EK, 2m20s elapsed][0m[0m
TestTerraformAwsExample 2020-02-02T13:23:18-05:00 command.go:158: [0m[1maws_cloudfront_distribution.podcast_rss: Still destroying... [id=ELMH8RFAM0YPK, 2m30s elapsed][0m[0m
TestTerraformAwsExample 2020-02-02T13:23:25-05:00 command.go:158: [0m[1maws_cloudfront_distribution.podcast_content: Still destroying... [id=E29YWGGYPHK7EK, 2m30s elapsed][0m[0m
TestTerraformAwsExample 2020-02-02T13:23:28-05:00 command.go:158: [0m[1maws_cloudfront_distribution.podcast_rss: Still destroying... [id=ELMH8RFAM0YPK, 2m40s elapsed][0m[0m
TestTerraformAwsExample 2020-02-02T13:23:35-05:00 command.go:158: [0m[1maws_cloudfront_distribution.podcast_content: Still destroying... [id=E29YWGGYPHK7EK, 2m40s elapsed][0m[0m
TestTerraformAwsExample 2020-02-02T13:23:38-05:00 command.go:158: [0m[1maws_cloudfront_distribution.podcast_rss: Still destroying... [id=ELMH8RFAM0YPK, 2m50s elapsed][0m[0m
TestTerraformAwsExample 2020-02-02T13:23:45-05:00 command.go:158: [0m[1maws_cloudfront_distribution.podcast_content: Still destroying... [id=E29YWGGYPHK7EK, 2m50s elapsed][0m[0m
TestTerraformAwsExample 2020-02-02T13:23:48-05:00 command.go:158: [0m[1maws_cloudfront_distribution.podcast_rss: Still destroying... [id=ELMH8RFAM0YPK, 3m0s elapsed][0m[0m
TestTerraformAwsExample 2020-02-02T13:23:55-05:00 command.go:158: [0m[1maws_cloudfront_distribution.podcast_content: Still destroying... [id=E29YWGGYPHK7EK, 3m0s elapsed][0m[0m
TestTerraformAwsExample 2020-02-02T13:23:58-05:00 command.go:158: [0m[1maws_cloudfront_distribution.podcast_rss: Still destroying... [id=ELMH8RFAM0YPK, 3m10s elapsed][0m[0m
TestTerraformAwsExample 2020-02-02T13:24:05-05:00 command.go:158: [0m[1maws_cloudfront_distribution.podcast_content: Still destroying... [id=E29YWGGYPHK7EK, 3m10s elapsed][0m[0m
TestTerraformAwsExample 2020-02-02T13:24:08-05:00 command.go:158: [0m[1maws_cloudfront_distribution.podcast_rss: Still destroying... [id=ELMH8RFAM0YPK, 3m20s elapsed][0m[0m
TestTerraformAwsExample 2020-02-02T13:24:15-05:00 command.go:158: [0m[1maws_cloudfront_distribution.podcast_content: Still destroying... [id=E29YWGGYPHK7EK, 3m20s elapsed][0m[0m
TestTerraformAwsExample 2020-02-02T13:24:18-05:00 command.go:158: [0m[1maws_cloudfront_distribution.podcast_rss: Still destroying... [id=ELMH8RFAM0YPK, 3m30s elapsed][0m[0m
TestTerraformAwsExample 2020-02-02T13:24:25-05:00 command.go:158: [0m[1maws_cloudfront_distribution.podcast_content: Still destroying... [id=E29YWGGYPHK7EK, 3m30s elapsed][0m[0m
TestTerraformAwsExample 2020-02-02T13:24:28-05:00 command.go:158: [0m[1maws_cloudfront_distribution.podcast_rss: Still destroying... [id=ELMH8RFAM0YPK, 3m40s elapsed][0m[0m
TestTerraformAwsExample 2020-02-02T13:24:35-05:00 command.go:158: [0m[1maws_cloudfront_distribution.podcast_content: Still destroying... [id=E29YWGGYPHK7EK, 3m40s elapsed][0m[0m
TestTerraformAwsExample 2020-02-02T13:24:38-05:00 command.go:158: [0m[1maws_cloudfront_distribution.podcast_rss: Still destroying... [id=ELMH8RFAM0YPK, 3m50s elapsed][0m[0m
TestTerraformAwsExample 2020-02-02T13:24:45-05:00 command.go:158: [0m[1maws_cloudfront_distribution.podcast_content: Still destroying... [id=E29YWGGYPHK7EK, 3m50s elapsed][0m[0m
TestTerraformAwsExample 2020-02-02T13:24:48-05:00 command.go:158: [0m[1maws_cloudfront_distribution.podcast_rss: Still destroying... [id=ELMH8RFAM0YPK, 4m1s elapsed][0m[0m
TestTerraformAwsExample 2020-02-02T13:24:55-05:00 command.go:158: [0m[1maws_cloudfront_distribution.podcast_content: Still destroying... [id=E29YWGGYPHK7EK, 4m0s elapsed][0m[0m
TestTerraformAwsExample 2020-02-02T13:24:58-05:00 command.go:158: [0m[1maws_cloudfront_distribution.podcast_rss: Still destroying... [id=ELMH8RFAM0YPK, 4m11s elapsed][0m[0m
TestTerraformAwsExample 2020-02-02T13:25:05-05:00 command.go:158: [0m[1maws_cloudfront_distribution.podcast_content: Still destroying... [id=E29YWGGYPHK7EK, 4m10s elapsed][0m[0m
TestTerraformAwsExample 2020-02-02T13:25:08-05:00 command.go:158: [0m[1maws_cloudfront_distribution.podcast_rss: Still destroying... [id=ELMH8RFAM0YPK, 4m21s elapsed][0m[0m
TestTerraformAwsExample 2020-02-02T13:25:15-05:00 command.go:158: [0m[1maws_cloudfront_distribution.podcast_content: Still destroying... [id=E29YWGGYPHK7EK, 4m20s elapsed][0m[0m
TestTerraformAwsExample 2020-02-02T13:25:18-05:00 command.go:158: [0m[1maws_cloudfront_distribution.podcast_rss: Still destroying... [id=ELMH8RFAM0YPK, 4m31s elapsed][0m[0m
TestTerraformAwsExample 2020-02-02T13:25:25-05:00 command.go:158: [0m[1maws_cloudfront_distribution.podcast_content: Still destroying... [id=E29YWGGYPHK7EK, 4m30s elapsed][0m[0m
TestTerraformAwsExample 2020-02-02T13:25:28-05:00 command.go:158: [0m[1maws_cloudfront_distribution.podcast_rss: Still destroying... [id=ELMH8RFAM0YPK, 4m41s elapsed][0m[0m
TestTerraformAwsExample 2020-02-02T13:25:35-05:00 command.go:158: [0m[1maws_cloudfront_distribution.podcast_content: Still destroying... [id=E29YWGGYPHK7EK, 4m40s elapsed][0m[0m
TestTerraformAwsExample 2020-02-02T13:25:38-05:00 command.go:158: [0m[1maws_cloudfront_distribution.podcast_rss: Still destroying... [id=ELMH8RFAM0YPK, 4m51s elapsed][0m[0m
TestTerraformAwsExample 2020-02-02T13:25:45-05:00 command.go:158: [0m[1maws_cloudfront_distribution.podcast_content: Still destroying... [id=E29YWGGYPHK7EK, 4m50s elapsed][0m[0m
TestTerraformAwsExample 2020-02-02T13:25:48-05:00 command.go:158: [0m[1maws_cloudfront_distribution.podcast_rss: Still destroying... [id=ELMH8RFAM0YPK, 5m1s elapsed][0m[0m
TestTerraformAwsExample 2020-02-02T13:25:55-05:00 command.go:158: [0m[1maws_cloudfront_distribution.podcast_content: Still destroying... [id=E29YWGGYPHK7EK, 5m0s elapsed][0m[0m
TestTerraformAwsExample 2020-02-02T13:25:58-05:00 command.go:158: [0m[1maws_cloudfront_distribution.podcast_rss: Still destroying... [id=ELMH8RFAM0YPK, 5m11s elapsed][0m[0m
TestTerraformAwsExample 2020-02-02T13:26:05-05:00 command.go:158: [0m[1maws_cloudfront_distribution.podcast_content: Still destroying... [id=E29YWGGYPHK7EK, 5m10s elapsed][0m[0m
TestTerraformAwsExample 2020-02-02T13:26:08-05:00 command.go:158: [0m[1maws_cloudfront_distribution.podcast_rss: Still destroying... [id=ELMH8RFAM0YPK, 5m21s elapsed][0m[0m
TestTerraformAwsExample 2020-02-02T13:26:15-05:00 command.go:158: [0m[1maws_cloudfront_distribution.podcast_content: Still destroying... [id=E29YWGGYPHK7EK, 5m20s elapsed][0m[0m
TestTerraformAwsExample 2020-02-02T13:26:18-05:00 command.go:158: [0m[1maws_cloudfront_distribution.podcast_rss: Still destroying... [id=ELMH8RFAM0YPK, 5m31s elapsed][0m[0m
TestTerraformAwsExample 2020-02-02T13:26:25-05:00 command.go:158: [0m[1maws_cloudfront_distribution.podcast_content: Still destroying... [id=E29YWGGYPHK7EK, 5m30s elapsed][0m[0m
TestTerraformAwsExample 2020-02-02T13:26:28-05:00 command.go:158: [0m[1maws_cloudfront_distribution.podcast_rss: Still destroying... [id=ELMH8RFAM0YPK, 5m41s elapsed][0m[0m
TestTerraformAwsExample 2020-02-02T13:26:35-05:00 command.go:158: [0m[1maws_cloudfront_distribution.podcast_content: Still destroying... [id=E29YWGGYPHK7EK, 5m40s elapsed][0m[0m
TestTerraformAwsExample 2020-02-02T13:26:38-05:00 command.go:158: [0m[1maws_cloudfront_distribution.podcast_rss: Still destroying... [id=ELMH8RFAM0YPK, 5m51s elapsed][0m[0m
TestTerraformAwsExample 2020-02-02T13:26:45-05:00 command.go:158: [0m[1maws_cloudfront_distribution.podcast_content: Still destroying... [id=E29YWGGYPHK7EK, 5m50s elapsed][0m[0m
TestTerraformAwsExample 2020-02-02T13:26:48-05:00 command.go:158: [0m[1maws_cloudfront_distribution.podcast_rss: Still destroying... [id=ELMH8RFAM0YPK, 6m1s elapsed][0m[0m
TestTerraformAwsExample 2020-02-02T13:26:55-05:00 command.go:158: [0m[1maws_cloudfront_distribution.podcast_content: Still destroying... [id=E29YWGGYPHK7EK, 6m0s elapsed][0m[0m
TestTerraformAwsExample 2020-02-02T13:26:58-05:00 command.go:158: [0m[1maws_cloudfront_distribution.podcast_rss: Still destroying... [id=ELMH8RFAM0YPK, 6m11s elapsed][0m[0m
TestTerraformAwsExample 2020-02-02T13:27:05-05:00 command.go:158: [0m[1maws_cloudfront_distribution.podcast_content: Still destroying... [id=E29YWGGYPHK7EK, 6m10s elapsed][0m[0m
TestTerraformAwsExample 2020-02-02T13:27:08-05:00 command.go:158: [0m[1maws_cloudfront_distribution.podcast_rss: Still destroying... [id=ELMH8RFAM0YPK, 6m21s elapsed][0m[0m
TestTerraformAwsExample 2020-02-02T13:27:15-05:00 command.go:158: [0m[1maws_cloudfront_distribution.podcast_content: Still destroying... [id=E29YWGGYPHK7EK, 6m20s elapsed][0m[0m
TestTerraformAwsExample 2020-02-02T13:27:18-05:00 command.go:158: [0m[1maws_cloudfront_distribution.podcast_rss: Still destroying... [id=ELMH8RFAM0YPK, 6m31s elapsed][0m[0m
TestTerraformAwsExample 2020-02-02T13:27:25-05:00 command.go:158: [0m[1maws_cloudfront_distribution.podcast_content: Still destroying... [id=E29YWGGYPHK7EK, 6m30s elapsed][0m[0m
TestTerraformAwsExample 2020-02-02T13:27:28-05:00 command.go:158: [0m[1maws_cloudfront_distribution.podcast_rss: Still destroying... [id=ELMH8RFAM0YPK, 6m41s elapsed][0m[0m
TestTerraformAwsExample 2020-02-02T13:27:35-05:00 command.go:158: [0m[1maws_cloudfront_distribution.podcast_content: Still destroying... [id=E29YWGGYPHK7EK, 6m40s elapsed][0m[0m
TestTerraformAwsExample 2020-02-02T13:27:38-05:00 command.go:158: [0m[1maws_cloudfront_distribution.podcast_rss: Still destroying... [id=ELMH8RFAM0YPK, 6m51s elapsed][0m[0m
TestTerraformAwsExample 2020-02-02T13:27:45-05:00 command.go:158: [0m[1maws_cloudfront_distribution.podcast_content: Still destroying... [id=E29YWGGYPHK7EK, 6m50s elapsed][0m[0m
TestTerraformAwsExample 2020-02-02T13:27:48-05:00 command.go:158: [0m[1maws_cloudfront_distribution.podcast_rss: Still destroying... [id=ELMH8RFAM0YPK, 7m1s elapsed][0m[0m
TestTerraformAwsExample 2020-02-02T13:27:55-05:00 command.go:158: [0m[1maws_cloudfront_distribution.podcast_content: Still destroying... [id=E29YWGGYPHK7EK, 7m0s elapsed][0m[0m
TestTerraformAwsExample 2020-02-02T13:27:58-05:00 command.go:158: [0m[1maws_cloudfront_distribution.podcast_rss: Still destroying... [id=ELMH8RFAM0YPK, 7m11s elapsed][0m[0m
TestTerraformAwsExample 2020-02-02T13:28:05-05:00 command.go:158: [0m[1maws_cloudfront_distribution.podcast_content: Still destroying... [id=E29YWGGYPHK7EK, 7m10s elapsed][0m[0m
TestTerraformAwsExample 2020-02-02T13:28:08-05:00 command.go:158: [0m[1maws_cloudfront_distribution.podcast_rss: Still destroying... [id=ELMH8RFAM0YPK, 7m21s elapsed][0m[0m
TestTerraformAwsExample 2020-02-02T13:28:15-05:00 command.go:158: [0m[1maws_cloudfront_distribution.podcast_content: Still destroying... [id=E29YWGGYPHK7EK, 7m20s elapsed][0m[0m
TestTerraformAwsExample 2020-02-02T13:28:18-05:00 command.go:158: [0m[1maws_cloudfront_distribution.podcast_rss: Still destroying... [id=ELMH8RFAM0YPK, 7m31s elapsed][0m[0m
TestTerraformAwsExample 2020-02-02T13:28:25-05:00 command.go:158: [0m[1maws_cloudfront_distribution.podcast_content: Still destroying... [id=E29YWGGYPHK7EK, 7m30s elapsed][0m[0m
TestTerraformAwsExample 2020-02-02T13:28:28-05:00 command.go:158: [0m[1maws_cloudfront_distribution.podcast_rss: Still destroying... [id=ELMH8RFAM0YPK, 7m41s elapsed][0m[0m
TestTerraformAwsExample 2020-02-02T13:28:35-05:00 command.go:158: [0m[1maws_cloudfront_distribution.podcast_content: Still destroying... [id=E29YWGGYPHK7EK, 7m40s elapsed][0m[0m
TestTerraformAwsExample 2020-02-02T13:28:38-05:00 command.go:158: [0m[1maws_cloudfront_distribution.podcast_rss: Still destroying... [id=ELMH8RFAM0YPK, 7m51s elapsed][0m[0m
TestTerraformAwsExample 2020-02-02T13:28:45-05:00 command.go:158: [0m[1maws_cloudfront_distribution.podcast_content: Still destroying... [id=E29YWGGYPHK7EK, 7m50s elapsed][0m[0m
TestTerraformAwsExample 2020-02-02T13:28:48-05:00 command.go:158: [0m[1maws_cloudfront_distribution.podcast_rss: Still destroying... [id=ELMH8RFAM0YPK, 8m1s elapsed][0m[0m
TestTerraformAwsExample 2020-02-02T13:28:55-05:00 command.go:158: [0m[1maws_cloudfront_distribution.podcast_content: Still destroying... [id=E29YWGGYPHK7EK, 8m0s elapsed][0m[0m
TestTerraformAwsExample 2020-02-02T13:28:58-05:00 command.go:158: [0m[1maws_cloudfront_distribution.podcast_rss: Still destroying... [id=ELMH8RFAM0YPK, 8m11s elapsed][0m[0m
TestTerraformAwsExample 2020-02-02T13:29:05-05:00 command.go:158: [0m[1maws_cloudfront_distribution.podcast_content: Still destroying... [id=E29YWGGYPHK7EK, 8m10s elapsed][0m[0m
TestTerraformAwsExample 2020-02-02T13:29:08-05:00 command.go:158: [0m[1maws_cloudfront_distribution.podcast_rss: Still destroying... [id=ELMH8RFAM0YPK, 8m21s elapsed][0m[0m
TestTerraformAwsExample 2020-02-02T13:29:15-05:00 command.go:158: [0m[1maws_cloudfront_distribution.podcast_content: Still destroying... [id=E29YWGGYPHK7EK, 8m20s elapsed][0m[0m
TestTerraformAwsExample 2020-02-02T13:29:18-05:00 command.go:158: [0m[1maws_cloudfront_distribution.podcast_rss: Still destroying... [id=ELMH8RFAM0YPK, 8m31s elapsed][0m[0m
TestTerraformAwsExample 2020-02-02T13:29:25-05:00 command.go:158: [0m[1maws_cloudfront_distribution.podcast_content: Still destroying... [id=E29YWGGYPHK7EK, 8m30s elapsed][0m[0m
TestTerraformAwsExample 2020-02-02T13:29:28-05:00 command.go:158: [0m[1maws_cloudfront_distribution.podcast_rss: Still destroying... [id=ELMH8RFAM0YPK, 8m41s elapsed][0m[0m
TestTerraformAwsExample 2020-02-02T13:29:35-05:00 command.go:158: [0m[1maws_cloudfront_distribution.podcast_content: Still destroying... [id=E29YWGGYPHK7EK, 8m40s elapsed][0m[0m
TestTerraformAwsExample 2020-02-02T13:29:38-05:00 command.go:158: [0m[1maws_cloudfront_distribution.podcast_rss: Still destroying... [id=ELMH8RFAM0YPK, 8m51s elapsed][0m[0m
TestTerraformAwsExample 2020-02-02T13:29:45-05:00 command.go:158: [0m[1maws_cloudfront_distribution.podcast_content: Still destroying... [id=E29YWGGYPHK7EK, 8m50s elapsed][0m[0m
TestTerraformAwsExample 2020-02-02T13:29:48-05:00 command.go:158: [0m[1maws_cloudfront_distribution.podcast_rss: Still destroying... [id=ELMH8RFAM0YPK, 9m1s elapsed][0m[0m
TestTerraformAwsExample 2020-02-02T13:29:55-05:00 command.go:158: [0m[1maws_cloudfront_distribution.podcast_content: Still destroying... [id=E29YWGGYPHK7EK, 9m0s elapsed][0m[0m
TestTerraformAwsExample 2020-02-02T13:29:58-05:00 command.go:158: [0m[1maws_cloudfront_distribution.podcast_rss: Still destroying... [id=ELMH8RFAM0YPK, 9m11s elapsed][0m[0m
TestTerraformAwsExample 2020-02-02T13:30:05-05:00 command.go:158: [0m[1maws_cloudfront_distribution.podcast_content: Still destroying... [id=E29YWGGYPHK7EK, 9m10s elapsed][0m[0m
TestTerraformAwsExample 2020-02-02T13:30:08-05:00 command.go:158: [0m[1maws_cloudfront_distribution.podcast_rss: Still destroying... [id=ELMH8RFAM0YPK, 9m21s elapsed][0m[0m
TestTerraformAwsExample 2020-02-02T13:30:15-05:00 command.go:158: [0m[1maws_cloudfront_distribution.podcast_content: Still destroying... [id=E29YWGGYPHK7EK, 9m20s elapsed][0m[0m
TestTerraformAwsExample 2020-02-02T13:30:18-05:00 command.go:158: [0m[1maws_cloudfront_distribution.podcast_rss: Still destroying... [id=ELMH8RFAM0YPK, 9m31s elapsed][0m[0m
TestTerraformAwsExample 2020-02-02T13:30:25-05:00 command.go:158: [0m[1maws_cloudfront_distribution.podcast_content: Still destroying... [id=E29YWGGYPHK7EK, 9m30s elapsed][0m[0m
TestTerraformAwsExample 2020-02-02T13:30:28-05:00 command.go:158: [0m[1maws_cloudfront_distribution.podcast_rss: Still destroying... [id=ELMH8RFAM0YPK, 9m41s elapsed][0m[0m
TestTerraformAwsExample 2020-02-02T13:30:35-05:00 command.go:158: [0m[1maws_cloudfront_distribution.podcast_content: Still destroying... [id=E29YWGGYPHK7EK, 9m40s elapsed][0m[0m
TestTerraformAwsExample 2020-02-02T13:30:38-05:00 command.go:158: [0m[1maws_cloudfront_distribution.podcast_rss: Still destroying... [id=ELMH8RFAM0YPK, 9m51s elapsed][0m[0m
TestTerraformAwsExample 2020-02-02T13:30:45-05:00 command.go:158: [0m[1maws_cloudfront_distribution.podcast_content: Still destroying... [id=E29YWGGYPHK7EK, 9m50s elapsed][0m[0m
TestTerraformAwsExample 2020-02-02T13:30:48-05:00 command.go:158: [0m[1maws_cloudfront_distribution.podcast_rss: Still destroying... [id=ELMH8RFAM0YPK, 10m1s elapsed][0m[0m
TestTerraformAwsExample 2020-02-02T13:30:55-05:00 command.go:158: [0m[1maws_cloudfront_distribution.podcast_content: Still destroying... [id=E29YWGGYPHK7EK, 10m0s elapsed][0m[0m
TestTerraformAwsExample 2020-02-02T13:30:58-05:00 command.go:158: [0m[1maws_cloudfront_distribution.podcast_rss: Still destroying... [id=ELMH8RFAM0YPK, 10m11s elapsed][0m[0m
TestTerraformAwsExample 2020-02-02T13:31:05-05:00 command.go:158: [0m[1maws_cloudfront_distribution.podcast_content: Still destroying... [id=E29YWGGYPHK7EK, 10m10s elapsed][0m[0m
TestTerraformAwsExample 2020-02-02T13:31:08-05:00 command.go:158: [0m[1maws_cloudfront_distribution.podcast_rss: Still destroying... [id=ELMH8RFAM0YPK, 10m21s elapsed][0m[0m
TestTerraformAwsExample 2020-02-02T13:31:15-05:00 command.go:158: [0m[1maws_cloudfront_distribution.podcast_content: Still destroying... [id=E29YWGGYPHK7EK, 10m20s elapsed][0m[0m
TestTerraformAwsExample 2020-02-02T13:31:18-05:00 command.go:158: [0m[1maws_cloudfront_distribution.podcast_rss: Still destroying... [id=ELMH8RFAM0YPK, 10m31s elapsed][0m[0m
TestTerraformAwsExample 2020-02-02T13:31:25-05:00 command.go:158: [0m[1maws_cloudfront_distribution.podcast_content: Still destroying... [id=E29YWGGYPHK7EK, 10m30s elapsed][0m[0m
TestTerraformAwsExample 2020-02-02T13:31:28-05:00 command.go:158: [0m[1maws_cloudfront_distribution.podcast_rss: Still destroying... [id=ELMH8RFAM0YPK, 10m41s elapsed][0m[0m
TestTerraformAwsExample 2020-02-02T13:31:35-05:00 command.go:158: [0m[1maws_cloudfront_distribution.podcast_content: Still destroying... [id=E29YWGGYPHK7EK, 10m40s elapsed][0m[0m
TestTerraformAwsExample 2020-02-02T13:31:38-05:00 command.go:158: [0m[1maws_cloudfront_distribution.podcast_rss: Still destroying... [id=ELMH8RFAM0YPK, 10m51s elapsed][0m[0m
TestTerraformAwsExample 2020-02-02T13:31:45-05:00 command.go:158: [0m[1maws_cloudfront_distribution.podcast_content: Still destroying... [id=E29YWGGYPHK7EK, 10m50s elapsed][0m[0m
TestTerraformAwsExample 2020-02-02T13:31:48-05:00 command.go:158: [0m[1maws_cloudfront_distribution.podcast_rss: Still destroying... [id=ELMH8RFAM0YPK, 11m1s elapsed][0m[0m
TestTerraformAwsExample 2020-02-02T13:31:55-05:00 command.go:158: [0m[1maws_cloudfront_distribution.podcast_content: Still destroying... [id=E29YWGGYPHK7EK, 11m0s elapsed][0m[0m
TestTerraformAwsExample 2020-02-02T13:31:58-05:00 command.go:158: [0m[1maws_cloudfront_distribution.podcast_rss: Still destroying... [id=ELMH8RFAM0YPK, 11m11s elapsed][0m[0m
TestTerraformAwsExample 2020-02-02T13:32:05-05:00 command.go:158: [0m[1maws_cloudfront_distribution.podcast_content: Still destroying... [id=E29YWGGYPHK7EK, 11m10s elapsed][0m[0m
TestTerraformAwsExample 2020-02-02T13:32:08-05:00 command.go:158: [0m[1maws_cloudfront_distribution.podcast_rss: Still destroying... [id=ELMH8RFAM0YPK, 11m21s elapsed][0m[0m
TestTerraformAwsExample 2020-02-02T13:32:15-05:00 command.go:158: [0m[1maws_cloudfront_distribution.podcast_content: Still destroying... [id=E29YWGGYPHK7EK, 11m20s elapsed][0m[0m
TestTerraformAwsExample 2020-02-02T13:32:18-05:00 command.go:158: [0m[1maws_cloudfront_distribution.podcast_rss: Still destroying... [id=ELMH8RFAM0YPK, 11m31s elapsed][0m[0m
TestTerraformAwsExample 2020-02-02T13:32:25-05:00 command.go:158: [0m[1maws_cloudfront_distribution.podcast_content: Still destroying... [id=E29YWGGYPHK7EK, 11m30s elapsed][0m[0m
TestTerraformAwsExample 2020-02-02T13:32:28-05:00 command.go:158: [0m[1maws_cloudfront_distribution.podcast_rss: Still destroying... [id=ELMH8RFAM0YPK, 11m41s elapsed][0m[0m
TestTerraformAwsExample 2020-02-02T13:32:35-05:00 command.go:158: [0m[1maws_cloudfront_distribution.podcast_content: Still destroying... [id=E29YWGGYPHK7EK, 11m40s elapsed][0m[0m
TestTerraformAwsExample 2020-02-02T13:32:38-05:00 command.go:158: [0m[1maws_cloudfront_distribution.podcast_rss: Still destroying... [id=ELMH8RFAM0YPK, 11m51s elapsed][0m[0m
TestTerraformAwsExample 2020-02-02T13:32:45-05:00 command.go:158: [0m[1maws_cloudfront_distribution.podcast_content: Still destroying... [id=E29YWGGYPHK7EK, 11m50s elapsed][0m[0m
TestTerraformAwsExample 2020-02-02T13:32:48-05:00 command.go:158: [0m[1maws_cloudfront_distribution.podcast_rss: Still destroying... [id=ELMH8RFAM0YPK, 12m1s elapsed][0m[0m
TestTerraformAwsExample 2020-02-02T13:32:55-05:00 command.go:158: [0m[1maws_cloudfront_distribution.podcast_content: Still destroying... [id=E29YWGGYPHK7EK, 12m0s elapsed][0m[0m
TestTerraformAwsExample 2020-02-02T13:32:58-05:00 command.go:158: [0m[1maws_cloudfront_distribution.podcast_rss: Still destroying... [id=ELMH8RFAM0YPK, 12m11s elapsed][0m[0m
TestTerraformAwsExample 2020-02-02T13:33:05-05:00 command.go:158: [0m[1maws_cloudfront_distribution.podcast_content: Still destroying... [id=E29YWGGYPHK7EK, 12m10s elapsed][0m[0m
TestTerraformAwsExample 2020-02-02T13:33:08-05:00 command.go:158: [0m[1maws_cloudfront_distribution.podcast_rss: Still destroying... [id=ELMH8RFAM0YPK, 12m21s elapsed][0m[0m
TestTerraformAwsExample 2020-02-02T13:33:15-05:00 command.go:158: [0m[1maws_cloudfront_distribution.podcast_content: Still destroying... [id=E29YWGGYPHK7EK, 12m20s elapsed][0m[0m
TestTerraformAwsExample 2020-02-02T13:33:18-05:00 command.go:158: [0m[1maws_cloudfront_distribution.podcast_rss: Still destroying... [id=ELMH8RFAM0YPK, 12m31s elapsed][0m[0m
TestTerraformAwsExample 2020-02-02T13:33:25-05:00 command.go:158: [0m[1maws_cloudfront_distribution.podcast_content: Still destroying... [id=E29YWGGYPHK7EK, 12m30s elapsed][0m[0m
TestTerraformAwsExample 2020-02-02T13:33:28-05:00 command.go:158: [0m[1maws_cloudfront_distribution.podcast_rss: Still destroying... [id=ELMH8RFAM0YPK, 12m41s elapsed][0m[0m
TestTerraformAwsExample 2020-02-02T13:33:35-05:00 command.go:158: [0m[1maws_cloudfront_distribution.podcast_content: Still destroying... [id=E29YWGGYPHK7EK, 12m40s elapsed][0m[0m
TestTerraformAwsExample 2020-02-02T13:33:38-05:00 command.go:158: [0m[1maws_cloudfront_distribution.podcast_rss: Still destroying... [id=ELMH8RFAM0YPK, 12m51s elapsed][0m[0m
TestTerraformAwsExample 2020-02-02T13:33:45-05:00 command.go:158: [0m[1maws_cloudfront_distribution.podcast_content: Still destroying... [id=E29YWGGYPHK7EK, 12m50s elapsed][0m[0m
TestTerraformAwsExample 2020-02-02T13:33:48-05:00 command.go:158: [0m[1maws_cloudfront_distribution.podcast_rss: Still destroying... [id=ELMH8RFAM0YPK, 13m1s elapsed][0m[0m
TestTerraformAwsExample 2020-02-02T13:33:55-05:00 command.go:158: [0m[1maws_cloudfront_distribution.podcast_content: Still destroying... [id=E29YWGGYPHK7EK, 13m0s elapsed][0m[0m
TestTerraformAwsExample 2020-02-02T13:33:58-05:00 command.go:158: [0m[1maws_cloudfront_distribution.podcast_rss: Still destroying... [id=ELMH8RFAM0YPK, 13m11s elapsed][0m[0m
TestTerraformAwsExample 2020-02-02T13:34:05-05:00 command.go:158: [0m[1maws_cloudfront_distribution.podcast_content: Still destroying... [id=E29YWGGYPHK7EK, 13m10s elapsed][0m[0m
TestTerraformAwsExample 2020-02-02T13:34:08-05:00 command.go:158: [0m[1maws_cloudfront_distribution.podcast_rss: Still destroying... [id=ELMH8RFAM0YPK, 13m21s elapsed][0m[0m
TestTerraformAwsExample 2020-02-02T13:34:15-05:00 command.go:158: [0m[1maws_cloudfront_distribution.podcast_content: Still destroying... [id=E29YWGGYPHK7EK, 13m20s elapsed][0m[0m
TestTerraformAwsExample 2020-02-02T13:34:18-05:00 command.go:158: [0m[1maws_cloudfront_distribution.podcast_rss: Still destroying... [id=ELMH8RFAM0YPK, 13m31s elapsed][0m[0m
TestTerraformAwsExample 2020-02-02T13:34:25-05:00 command.go:158: [0m[1maws_cloudfront_distribution.podcast_content: Still destroying... [id=E29YWGGYPHK7EK, 13m30s elapsed][0m[0m
TestTerraformAwsExample 2020-02-02T13:34:28-05:00 command.go:158: [0m[1maws_cloudfront_distribution.podcast_rss: Still destroying... [id=ELMH8RFAM0YPK, 13m41s elapsed][0m[0m
TestTerraformAwsExample 2020-02-02T13:34:35-05:00 command.go:158: [0m[1maws_cloudfront_distribution.podcast_content: Still destroying... [id=E29YWGGYPHK7EK, 13m40s elapsed][0m[0m
TestTerraformAwsExample 2020-02-02T13:34:38-05:00 command.go:158: [0m[1maws_cloudfront_distribution.podcast_rss: Still destroying... [id=ELMH8RFAM0YPK, 13m51s elapsed][0m[0m
TestTerraformAwsExample 2020-02-02T13:34:45-05:00 command.go:158: [0m[1maws_cloudfront_distribution.podcast_content: Still destroying... [id=E29YWGGYPHK7EK, 13m50s elapsed][0m[0m
TestTerraformAwsExample 2020-02-02T13:34:48-05:00 command.go:158: [0m[1maws_cloudfront_distribution.podcast_rss: Still destroying... [id=ELMH8RFAM0YPK, 14m1s elapsed][0m[0m
TestTerraformAwsExample 2020-02-02T13:34:55-05:00 command.go:158: [0m[1maws_cloudfront_distribution.podcast_content: Still destroying... [id=E29YWGGYPHK7EK, 14m0s elapsed][0m[0m
TestTerraformAwsExample 2020-02-02T13:34:58-05:00 command.go:158: [0m[1maws_cloudfront_distribution.podcast_rss: Still destroying... [id=ELMH8RFAM0YPK, 14m11s elapsed][0m[0m
TestTerraformAwsExample 2020-02-02T13:35:05-05:00 command.go:158: [0m[1maws_cloudfront_distribution.podcast_content: Still destroying... [id=E29YWGGYPHK7EK, 14m10s elapsed][0m[0m
TestTerraformAwsExample 2020-02-02T13:35:08-05:00 command.go:158: [0m[1maws_cloudfront_distribution.podcast_rss: Still destroying... [id=ELMH8RFAM0YPK, 14m21s elapsed][0m[0m
TestTerraformAwsExample 2020-02-02T13:35:15-05:00 command.go:158: [0m[1maws_cloudfront_distribution.podcast_content: Still destroying... [id=E29YWGGYPHK7EK, 14m20s elapsed][0m[0m
TestTerraformAwsExample 2020-02-02T13:35:18-05:00 command.go:158: [0m[1maws_cloudfront_distribution.podcast_rss: Still destroying... [id=ELMH8RFAM0YPK, 14m31s elapsed][0m[0m
TestTerraformAwsExample 2020-02-02T13:35:25-05:00 command.go:158: [0m[1maws_cloudfront_distribution.podcast_content: Still destroying... [id=E29YWGGYPHK7EK, 14m30s elapsed][0m[0m
TestTerraformAwsExample 2020-02-02T13:35:28-05:00 command.go:158: [0m[1maws_cloudfront_distribution.podcast_rss: Still destroying... [id=ELMH8RFAM0YPK, 14m41s elapsed][0m[0m
TestTerraformAwsExample 2020-02-02T13:35:35-05:00 command.go:158: [0m[1maws_cloudfront_distribution.podcast_content: Still destroying... [id=E29YWGGYPHK7EK, 14m40s elapsed][0m[0m
TestTerraformAwsExample 2020-02-02T13:35:38-05:00 command.go:158: [0m[1maws_cloudfront_distribution.podcast_rss: Still destroying... [id=ELMH8RFAM0YPK, 14m51s elapsed][0m[0m
TestTerraformAwsExample 2020-02-02T13:35:45-05:00 command.go:158: [0m[1maws_cloudfront_distribution.podcast_content: Still destroying... [id=E29YWGGYPHK7EK, 14m50s elapsed][0m[0m
TestTerraformAwsExample 2020-02-02T13:35:48-05:00 command.go:158: [0m[1maws_cloudfront_distribution.podcast_rss: Still destroying... [id=ELMH8RFAM0YPK, 15m1s elapsed][0m[0m
TestTerraformAwsExample 2020-02-02T13:35:55-05:00 command.go:158: [0m[1maws_cloudfront_distribution.podcast_content: Still destroying... [id=E29YWGGYPHK7EK, 15m0s elapsed][0m[0m
TestTerraformAwsExample 2020-02-02T13:35:58-05:00 command.go:158: [0m[1maws_cloudfront_distribution.podcast_rss: Still destroying... [id=ELMH8RFAM0YPK, 15m11s elapsed][0m[0m
TestTerraformAwsExample 2020-02-02T13:36:05-05:00 command.go:158: [0m[1maws_cloudfront_distribution.podcast_content: Still destroying... [id=E29YWGGYPHK7EK, 15m10s elapsed][0m[0m
TestTerraformAwsExample 2020-02-02T13:36:08-05:00 command.go:158: [0m[1maws_cloudfront_distribution.podcast_rss: Still destroying... [id=ELMH8RFAM0YPK, 15m21s elapsed][0m[0m
TestTerraformAwsExample 2020-02-02T13:36:15-05:00 command.go:158: [0m[1maws_cloudfront_distribution.podcast_content: Still destroying... [id=E29YWGGYPHK7EK, 15m20s elapsed][0m[0m
TestTerraformAwsExample 2020-02-02T13:36:18-05:00 command.go:158: [0m[1maws_cloudfront_distribution.podcast_rss: Still destroying... [id=ELMH8RFAM0YPK, 15m31s elapsed][0m[0m
TestTerraformAwsExample 2020-02-02T13:36:25-05:00 command.go:158: [0m[1maws_cloudfront_distribution.podcast_content: Still destroying... [id=E29YWGGYPHK7EK, 15m30s elapsed][0m[0m
TestTerraformAwsExample 2020-02-02T13:36:28-05:00 command.go:158: [0m[1maws_cloudfront_distribution.podcast_rss: Still destroying... [id=ELMH8RFAM0YPK, 15m41s elapsed][0m[0m
TestTerraformAwsExample 2020-02-02T13:36:35-05:00 command.go:158: [0m[1maws_cloudfront_distribution.podcast_content: Still destroying... [id=E29YWGGYPHK7EK, 15m40s elapsed][0m[0m
TestTerraformAwsExample 2020-02-02T13:36:38-05:00 command.go:158: [0m[1maws_cloudfront_distribution.podcast_rss: Still destroying... [id=ELMH8RFAM0YPK, 15m51s elapsed][0m[0m
TestTerraformAwsExample 2020-02-02T13:36:45-05:00 command.go:158: [0m[1maws_cloudfront_distribution.podcast_content: Still destroying... [id=E29YWGGYPHK7EK, 15m50s elapsed][0m[0m
TestTerraformAwsExample 2020-02-02T13:36:48-05:00 command.go:158: [0m[1maws_cloudfront_distribution.podcast_rss: Still destroying... [id=ELMH8RFAM0YPK, 16m1s elapsed][0m[0m
TestTerraformAwsExample 2020-02-02T13:36:55-05:00 command.go:158: [0m[1maws_cloudfront_distribution.podcast_content: Still destroying... [id=E29YWGGYPHK7EK, 16m0s elapsed][0m[0m
TestTerraformAwsExample 2020-02-02T13:36:58-05:00 command.go:158: [0m[1maws_cloudfront_distribution.podcast_rss: Still destroying... [id=ELMH8RFAM0YPK, 16m11s elapsed][0m[0m
TestTerraformAwsExample 2020-02-02T13:37:05-05:00 command.go:158: [0m[1maws_cloudfront_distribution.podcast_content: Still destroying... [id=E29YWGGYPHK7EK, 16m10s elapsed][0m[0m
TestTerraformAwsExample 2020-02-02T13:37:08-05:00 command.go:158: [0m[1maws_cloudfront_distribution.podcast_rss: Still destroying... [id=ELMH8RFAM0YPK, 16m21s elapsed][0m[0m
TestTerraformAwsExample 2020-02-02T13:37:15-05:00 command.go:158: [0m[1maws_cloudfront_distribution.podcast_content: Still destroying... [id=E29YWGGYPHK7EK, 16m20s elapsed][0m[0m
TestTerraformAwsExample 2020-02-02T13:37:18-05:00 command.go:158: [0m[1maws_cloudfront_distribution.podcast_rss: Still destroying... [id=ELMH8RFAM0YPK, 16m31s elapsed][0m[0m
TestTerraformAwsExample 2020-02-02T13:37:25-05:00 command.go:158: [0m[1maws_cloudfront_distribution.podcast_content: Still destroying... [id=E29YWGGYPHK7EK, 16m30s elapsed][0m[0m
TestTerraformAwsExample 2020-02-02T13:37:28-05:00 command.go:158: [0m[1maws_cloudfront_distribution.podcast_rss: Still destroying... [id=ELMH8RFAM0YPK, 16m41s elapsed][0m[0m
TestTerraformAwsExample 2020-02-02T13:37:35-05:00 command.go:158: [0m[1maws_cloudfront_distribution.podcast_content: Still destroying... [id=E29YWGGYPHK7EK, 16m40s elapsed][0m[0m
TestTerraformAwsExample 2020-02-02T13:37:38-05:00 command.go:158: [0m[1maws_cloudfront_distribution.podcast_rss: Still destroying... [id=ELMH8RFAM0YPK, 16m51s elapsed][0m[0m
TestTerraformAwsExample 2020-02-02T13:37:45-05:00 command.go:158: [0m[1maws_cloudfront_distribution.podcast_content: Still destroying... [id=E29YWGGYPHK7EK, 16m50s elapsed][0m[0m
TestTerraformAwsExample 2020-02-02T13:37:48-05:00 command.go:158: [0m[1maws_cloudfront_distribution.podcast_rss: Still destroying... [id=ELMH8RFAM0YPK, 17m1s elapsed][0m[0m
TestTerraformAwsExample 2020-02-02T13:37:55-05:00 command.go:158: [0m[1maws_cloudfront_distribution.podcast_content: Still destroying... [id=E29YWGGYPHK7EK, 17m0s elapsed][0m[0m
TestTerraformAwsExample 2020-02-02T13:37:58-05:00 command.go:158: [0m[1maws_cloudfront_distribution.podcast_rss: Still destroying... [id=ELMH8RFAM0YPK, 17m11s elapsed][0m[0m
TestTerraformAwsExample 2020-02-02T13:38:05-05:00 command.go:158: [0m[1maws_cloudfront_distribution.podcast_content: Still destroying... [id=E29YWGGYPHK7EK, 17m10s elapsed][0m[0m
TestTerraformAwsExample 2020-02-02T13:38:08-05:00 command.go:158: [0m[1maws_cloudfront_distribution.podcast_rss: Still destroying... [id=ELMH8RFAM0YPK, 17m21s elapsed][0m[0m
TestTerraformAwsExample 2020-02-02T13:38:15-05:00 command.go:158: [0m[1maws_cloudfront_distribution.podcast_content: Still destroying... [id=E29YWGGYPHK7EK, 17m20s elapsed][0m[0m
TestTerraformAwsExample 2020-02-02T13:38:18-05:00 command.go:158: [0m[1maws_cloudfront_distribution.podcast_rss: Still destroying... [id=ELMH8RFAM0YPK, 17m31s elapsed][0m[0m
TestTerraformAwsExample 2020-02-02T13:38:25-05:00 command.go:158: [0m[1maws_cloudfront_distribution.podcast_content: Still destroying... [id=E29YWGGYPHK7EK, 17m30s elapsed][0m[0m
TestTerraformAwsExample 2020-02-02T13:38:28-05:00 command.go:158: [0m[1maws_cloudfront_distribution.podcast_rss: Still destroying... [id=ELMH8RFAM0YPK, 17m41s elapsed][0m[0m
TestTerraformAwsExample 2020-02-02T13:38:35-05:00 command.go:158: [0m[1maws_cloudfront_distribution.podcast_content: Still destroying... [id=E29YWGGYPHK7EK, 17m40s elapsed][0m[0m
TestTerraformAwsExample 2020-02-02T13:38:38-05:00 command.go:158: [0m[1maws_cloudfront_distribution.podcast_rss: Still destroying... [id=ELMH8RFAM0YPK, 17m51s elapsed][0m[0m
TestTerraformAwsExample 2020-02-02T13:38:45-05:00 command.go:158: [0m[1maws_cloudfront_distribution.podcast_content: Still destroying... [id=E29YWGGYPHK7EK, 17m50s elapsed][0m[0m
TestTerraformAwsExample 2020-02-02T13:38:48-05:00 command.go:158: [0m[1maws_cloudfront_distribution.podcast_rss: Still destroying... [id=ELMH8RFAM0YPK, 18m1s elapsed][0m[0m
TestTerraformAwsExample 2020-02-02T13:38:55-05:00 command.go:158: [0m[1maws_cloudfront_distribution.podcast_content: Still destroying... [id=E29YWGGYPHK7EK, 18m0s elapsed][0m[0m
TestTerraformAwsExample 2020-02-02T13:38:58-05:00 command.go:158: [0m[1maws_cloudfront_distribution.podcast_rss: Still destroying... [id=ELMH8RFAM0YPK, 18m11s elapsed][0m[0m
TestTerraformAwsExample 2020-02-02T13:39:05-05:00 command.go:158: [0m[1maws_cloudfront_distribution.podcast_content: Still destroying... [id=E29YWGGYPHK7EK, 18m10s elapsed][0m[0m
TestTerraformAwsExample 2020-02-02T13:39:08-05:00 command.go:158: [0m[1maws_cloudfront_distribution.podcast_rss: Still destroying... [id=ELMH8RFAM0YPK, 18m21s elapsed][0m[0m
TestTerraformAwsExample 2020-02-02T13:39:15-05:00 command.go:158: [0m[1maws_cloudfront_distribution.podcast_content: Still destroying... [id=E29YWGGYPHK7EK, 18m20s elapsed][0m[0m
TestTerraformAwsExample 2020-02-02T13:39:18-05:00 command.go:158: [0m[1maws_cloudfront_distribution.podcast_rss: Still destroying... [id=ELMH8RFAM0YPK, 18m31s elapsed][0m[0m
TestTerraformAwsExample 2020-02-02T13:39:25-05:00 command.go:158: [0m[1maws_cloudfront_distribution.podcast_content: Still destroying... [id=E29YWGGYPHK7EK, 18m30s elapsed][0m[0m
TestTerraformAwsExample 2020-02-02T13:39:28-05:00 command.go:158: [0m[1maws_cloudfront_distribution.podcast_rss: Still destroying... [id=ELMH8RFAM0YPK, 18m41s elapsed][0m[0m
TestTerraformAwsExample 2020-02-02T13:39:35-05:00 command.go:158: [0m[1maws_cloudfront_distribution.podcast_content: Still destroying... [id=E29YWGGYPHK7EK, 18m40s elapsed][0m[0m
TestTerraformAwsExample 2020-02-02T13:39:38-05:00 command.go:158: [0m[1maws_cloudfront_distribution.podcast_rss: Still destroying... [id=ELMH8RFAM0YPK, 18m51s elapsed][0m[0m
TestTerraformAwsExample 2020-02-02T13:39:45-05:00 command.go:158: [0m[1maws_cloudfront_distribution.podcast_content: Still destroying... [id=E29YWGGYPHK7EK, 18m50s elapsed][0m[0m
TestTerraformAwsExample 2020-02-02T13:39:48-05:00 command.go:158: [0m[1maws_cloudfront_distribution.podcast_rss: Still destroying... [id=ELMH8RFAM0YPK, 19m1s elapsed][0m[0m
TestTerraformAwsExample 2020-02-02T13:39:55-05:00 command.go:158: [0m[1maws_cloudfront_distribution.podcast_content: Still destroying... [id=E29YWGGYPHK7EK, 19m0s elapsed][0m[0m
TestTerraformAwsExample 2020-02-02T13:39:58-05:00 command.go:158: [0m[1maws_cloudfront_distribution.podcast_rss: Still destroying... [id=ELMH8RFAM0YPK, 19m11s elapsed][0m[0m
TestTerraformAwsExample 2020-02-02T13:40:05-05:00 command.go:158: [0m[1maws_cloudfront_distribution.podcast_content: Still destroying... [id=E29YWGGYPHK7EK, 19m10s elapsed][0m[0m
TestTerraformAwsExample 2020-02-02T13:40:08-05:00 command.go:158: [0m[1maws_cloudfront_distribution.podcast_rss: Still destroying... [id=ELMH8RFAM0YPK, 19m21s elapsed][0m[0m
TestTerraformAwsExample 2020-02-02T13:40:15-05:00 command.go:158: [0m[1maws_cloudfront_distribution.podcast_content: Still destroying... [id=E29YWGGYPHK7EK, 19m20s elapsed][0m[0m
TestTerraformAwsExample 2020-02-02T13:40:18-05:00 command.go:158: [0m[1maws_cloudfront_distribution.podcast_rss: Still destroying... [id=ELMH8RFAM0YPK, 19m31s elapsed][0m[0m
TestTerraformAwsExample 2020-02-02T13:40:25-05:00 command.go:158: [0m[1maws_cloudfront_distribution.podcast_content: Still destroying... [id=E29YWGGYPHK7EK, 19m30s elapsed][0m[0m
TestTerraformAwsExample 2020-02-02T13:40:28-05:00 command.go:158: [0m[1maws_cloudfront_distribution.podcast_rss: Still destroying... [id=ELMH8RFAM0YPK, 19m41s elapsed][0m[0m
TestTerraformAwsExample 2020-02-02T13:40:35-05:00 command.go:158: [0m[1maws_cloudfront_distribution.podcast_content: Still destroying... [id=E29YWGGYPHK7EK, 19m40s elapsed][0m[0m
TestTerraformAwsExample 2020-02-02T13:40:38-05:00 command.go:158: [0m[1maws_cloudfront_distribution.podcast_rss: Still destroying... [id=ELMH8RFAM0YPK, 19m51s elapsed][0m[0m
TestTerraformAwsExample 2020-02-02T13:40:45-05:00 command.go:158: [0m[1maws_cloudfront_distribution.podcast_content: Still destroying... [id=E29YWGGYPHK7EK, 19m50s elapsed][0m[0m
TestTerraformAwsExample 2020-02-02T13:40:48-05:00 command.go:158: [0m[1maws_cloudfront_distribution.podcast_rss: Still destroying... [id=ELMH8RFAM0YPK, 20m1s elapsed][0m[0m
TestTerraformAwsExample 2020-02-02T13:40:55-05:00 command.go:158: [0m[1maws_cloudfront_distribution.podcast_content: Still destroying... [id=E29YWGGYPHK7EK, 20m0s elapsed][0m[0m
TestTerraformAwsExample 2020-02-02T13:40:58-05:00 command.go:158: [0m[1maws_cloudfront_distribution.podcast_rss: Still destroying... [id=ELMH8RFAM0YPK, 20m11s elapsed][0m[0m
TestTerraformAwsExample 2020-02-02T13:41:05-05:00 command.go:158: [0m[1maws_cloudfront_distribution.podcast_content: Still destroying... [id=E29YWGGYPHK7EK, 20m10s elapsed][0m[0m
TestTerraformAwsExample 2020-02-02T13:41:08-05:00 command.go:158: [0m[1maws_cloudfront_distribution.podcast_rss: Still destroying... [id=ELMH8RFAM0YPK, 20m21s elapsed][0m[0m
TestTerraformAwsExample 2020-02-02T13:41:15-05:00 command.go:158: [0m[1maws_cloudfront_distribution.podcast_content: Still destroying... [id=E29YWGGYPHK7EK, 20m20s elapsed][0m[0m
TestTerraformAwsExample 2020-02-02T13:41:18-05:00 command.go:158: [0m[1maws_cloudfront_distribution.podcast_rss: Still destroying... [id=ELMH8RFAM0YPK, 20m31s elapsed][0m[0m
TestTerraformAwsExample 2020-02-02T13:41:25-05:00 command.go:158: [0m[1maws_cloudfront_distribution.podcast_content: Still destroying... [id=E29YWGGYPHK7EK, 20m30s elapsed][0m[0m
TestTerraformAwsExample 2020-02-02T13:41:28-05:00 command.go:158: [0m[1maws_cloudfront_distribution.podcast_rss: Still destroying... [id=ELMH8RFAM0YPK, 20m41s elapsed][0m[0m
TestTerraformAwsExample 2020-02-02T13:41:35-05:00 command.go:158: [0m[1maws_cloudfront_distribution.podcast_content: Still destroying... [id=E29YWGGYPHK7EK, 20m40s elapsed][0m[0m
TestTerraformAwsExample 2020-02-02T13:41:38-05:00 command.go:158: [0m[1maws_cloudfront_distribution.podcast_rss: Still destroying... [id=ELMH8RFAM0YPK, 20m51s elapsed][0m[0m
TestTerraformAwsExample 2020-02-02T13:41:45-05:00 command.go:158: [0m[1maws_cloudfront_distribution.podcast_content: Still destroying... [id=E29YWGGYPHK7EK, 20m50s elapsed][0m[0m
TestTerraformAwsExample 2020-02-02T13:41:48-05:00 command.go:158: [0m[1maws_cloudfront_distribution.podcast_rss: Still destroying... [id=ELMH8RFAM0YPK, 21m1s elapsed][0m[0m
TestTerraformAwsExample 2020-02-02T13:41:55-05:00 command.go:158: [0m[1maws_cloudfront_distribution.podcast_content: Still destroying... [id=E29YWGGYPHK7EK, 21m0s elapsed][0m[0m
TestTerraformAwsExample 2020-02-02T13:41:58-05:00 command.go:158: [0m[1maws_cloudfront_distribution.podcast_rss: Still destroying... [id=ELMH8RFAM0YPK, 21m11s elapsed][0m[0m
TestTerraformAwsExample 2020-02-02T13:42:05-05:00 command.go:158: [0m[1maws_cloudfront_distribution.podcast_content: Still destroying... [id=E29YWGGYPHK7EK, 21m10s elapsed][0m[0m
TestTerraformAwsExample 2020-02-02T13:42:08-05:00 command.go:158: [0m[1maws_cloudfront_distribution.podcast_rss: Still destroying... [id=ELMH8RFAM0YPK, 21m21s elapsed][0m[0m
TestTerraformAwsExample 2020-02-02T13:42:15-05:00 command.go:158: [0m[1maws_cloudfront_distribution.podcast_content: Still destroying... [id=E29YWGGYPHK7EK, 21m20s elapsed][0m[0m
TestTerraformAwsExample 2020-02-02T13:42:18-05:00 command.go:158: [0m[1maws_cloudfront_distribution.podcast_rss: Still destroying... [id=ELMH8RFAM0YPK, 21m31s elapsed][0m[0m
TestTerraformAwsExample 2020-02-02T13:42:25-05:00 command.go:158: [0m[1maws_cloudfront_distribution.podcast_content: Still destroying... [id=E29YWGGYPHK7EK, 21m30s elapsed][0m[0m
TestTerraformAwsExample 2020-02-02T13:42:28-05:00 command.go:158: [0m[1maws_cloudfront_distribution.podcast_rss: Still destroying... [id=ELMH8RFAM0YPK, 21m41s elapsed][0m[0m
TestTerraformAwsExample 2020-02-02T13:42:35-05:00 command.go:158: [0m[1maws_cloudfront_distribution.podcast_content: Still destroying... [id=E29YWGGYPHK7EK, 21m40s elapsed][0m[0m
TestTerraformAwsExample 2020-02-02T13:42:38-05:00 command.go:158: [0m[1maws_cloudfront_distribution.podcast_rss: Still destroying... [id=ELMH8RFAM0YPK, 21m51s elapsed][0m[0m
TestTerraformAwsExample 2020-02-02T13:42:45-05:00 command.go:158: [0m[1maws_cloudfront_distribution.podcast_content: Still destroying... [id=E29YWGGYPHK7EK, 21m50s elapsed][0m[0m
TestTerraformAwsExample 2020-02-02T13:42:48-05:00 command.go:158: [0m[1maws_cloudfront_distribution.podcast_rss: Still destroying... [id=ELMH8RFAM0YPK, 22m1s elapsed][0m[0m
TestTerraformAwsExample 2020-02-02T13:42:55-05:00 command.go:158: [0m[1maws_cloudfront_distribution.podcast_content: Still destroying... [id=E29YWGGYPHK7EK, 22m0s elapsed][0m[0m
TestTerraformAwsExample 2020-02-02T13:42:58-05:00 command.go:158: [0m[1maws_cloudfront_distribution.podcast_rss: Still destroying... [id=ELMH8RFAM0YPK, 22m11s elapsed][0m[0m
TestTerraformAwsExample 2020-02-02T13:43:05-05:00 command.go:158: [0m[1maws_cloudfront_distribution.podcast_content: Still destroying... [id=E29YWGGYPHK7EK, 22m10s elapsed][0m[0m
TestTerraformAwsExample 2020-02-02T13:43:08-05:00 command.go:158: [0m[1maws_cloudfront_distribution.podcast_rss: Still destroying... [id=ELMH8RFAM0YPK, 22m21s elapsed][0m[0m
TestTerraformAwsExample 2020-02-02T13:43:15-05:00 command.go:158: [0m[1maws_cloudfront_distribution.podcast_content: Still destroying... [id=E29YWGGYPHK7EK, 22m20s elapsed][0m[0m
TestTerraformAwsExample 2020-02-02T13:43:18-05:00 command.go:158: [0m[1maws_cloudfront_distribution.podcast_rss: Still destroying... [id=ELMH8RFAM0YPK, 22m31s elapsed][0m[0m
TestTerraformAwsExample 2020-02-02T13:43:25-05:00 command.go:158: [0m[1maws_cloudfront_distribution.podcast_content: Still destroying... [id=E29YWGGYPHK7EK, 22m30s elapsed][0m[0m
TestTerraformAwsExample 2020-02-02T13:43:28-05:00 command.go:158: [0m[1maws_cloudfront_distribution.podcast_rss: Still destroying... [id=ELMH8RFAM0YPK, 22m41s elapsed][0m[0m
TestTerraformAwsExample 2020-02-02T13:43:35-05:00 command.go:158: [0m[1maws_cloudfront_distribution.podcast_content: Still destroying... [id=E29YWGGYPHK7EK, 22m40s elapsed][0m[0m
TestTerraformAwsExample 2020-02-02T13:43:38-05:00 command.go:158: [0m[1maws_cloudfront_distribution.podcast_rss: Still destroying... [id=ELMH8RFAM0YPK, 22m51s elapsed][0m[0m
TestTerraformAwsExample 2020-02-02T13:43:45-05:00 command.go:158: [0m[1maws_cloudfront_distribution.podcast_content: Still destroying... [id=E29YWGGYPHK7EK, 22m50s elapsed][0m[0m
TestTerraformAwsExample 2020-02-02T13:43:48-05:00 command.go:158: [0m[1maws_cloudfront_distribution.podcast_rss: Still destroying... [id=ELMH8RFAM0YPK, 23m1s elapsed][0m[0m
panic: test timed out after 45m0s

goroutine 9 [running]:
testing.(*M).startAlarm.func1()
	/usr/local/go/src/testing/testing.go:1377 +0xdf
created by time.goFunc
	/usr/local/go/src/time/sleep.go:168 +0x44

goroutine 1 [chan receive]:
testing.tRunner.func1(0xc000108000)
	/usr/local/go/src/testing/testing.go:885 +0x202
testing.tRunner(0xc000108000, 0xc0000efdc0)
	/usr/local/go/src/testing/testing.go:913 +0xd3
testing.runTests(0xc0000a6e80, 0x15d9c30, 0x1, 0x1, 0x0)
	/usr/local/go/src/testing/testing.go:1200 +0x2a7
testing.(*M).Run(0xc0000fa080, 0x0)
	/usr/local/go/src/testing/testing.go:1117 +0x176
main.main()
	_testmain.go:44 +0x135

goroutine 20 [semacquire]:
sync.runtime_Semacquire(0xc000196df8)
	/usr/local/go/src/runtime/sema.go:56 +0x42
sync.(*WaitGroup).Wait(0xc000196df0)
	/usr/local/go/src/sync/waitgroup.go:130 +0x64
github.com/gruntwork-io/terratest/modules/shell.readStdoutAndStderr(0xc000108100, 0x13dcca0, 0xc000096050, 0x13dcca0, 0xc000096060, 0xc00018f500, 0xc00018f500, 0x0, 0x0, 0xc00008e6c0)
	/Users/mike/go/pkg/mod/github.com/gruntwork-io/terratest@v0.23.3/modules/shell/command.go:136 +0x23d
github.com/gruntwork-io/terratest/modules/shell.runCommandAndStoreOutputE(0xc000108100, 0x136e1f5, 0x9, 0xc000098540, 0x4, 0x6, 0x136cbb1, 0x3, 0x0, 0x0, ...)
	/Users/mike/go/pkg/mod/github.com/gruntwork-io/terratest@v0.23.3/modules/shell/command.go:109 +0x313
github.com/gruntwork-io/terratest/modules/shell.RunCommandAndGetOutputE(0xc000108100, 0x136e1f5, 0x9, 0xc000098540, 0x4, 0x6, 0x136cbb1, 0x3, 0x0, 0x0, ...)
	/Users/mike/go/pkg/mod/github.com/gruntwork-io/terratest@v0.23.3/modules/shell/command.go:57 +0xb2
github.com/gruntwork-io/terratest/modules/terraform.RunTerraformCommandE.func1(0xc00012d780, 0x106bebc, 0x15da720, 0xc00011a100)
	/Users/mike/go/pkg/mod/github.com/gruntwork-io/terratest@v0.23.3/modules/terraform/cmd.go:61 +0xad
github.com/gruntwork-io/terratest/modules/retry.DoWithRetryableErrorsE.func1(0xc000108100, 0x2, 0x13d9f00, 0xc000096008)
	/Users/mike/go/pkg/mod/github.com/gruntwork-io/terratest@v0.23.3/modules/retry/retry.go:118 +0x6b
github.com/gruntwork-io/terratest/modules/retry.DoWithRetryE(0xc000108100, 0xc0000e8440, 0x3a, 0x0, 0x0, 0xc00012da98, 0x10c3804, 0xc0000936c0, 0x12ecda0, 0xc00018f4c0)
	/Users/mike/go/pkg/mod/github.com/gruntwork-io/terratest@v0.23.3/modules/retry/retry.go:74 +0x2ff
github.com/gruntwork-io/terratest/modules/retry.DoWithRetryableErrorsE(0xc000108100, 0xc0000e8440, 0x3a, 0x0, 0x0, 0x0, 0xc00012dcf0, 0x6, 0xc000098570, 0xc0001a8170, ...)
	/Users/mike/go/pkg/mod/github.com/gruntwork-io/terratest@v0.23.3/modules/retry/retry.go:117 +0x2a8
github.com/gruntwork-io/terratest/modules/terraform.RunTerraformCommandE(0xc000108100, 0xc00012dea8, 0xc000098540, 0x4, 0x6, 0x4, 0x6, 0x42150b8, 0xc000108100)
	/Users/mike/go/pkg/mod/github.com/gruntwork-io/terratest@v0.23.3/modules/terraform/cmd.go:60 +0x2f3
github.com/gruntwork-io/terratest/modules/terraform.DestroyE(0xc000108100, 0xc00012dea8, 0x13858e0, 0xc00012de38, 0x20, 0xc000080600)
	/Users/mike/go/pkg/mod/github.com/gruntwork-io/terratest@v0.23.3/modules/terraform/destroy.go:25 +0xae
github.com/gruntwork-io/terratest/modules/terraform.Destroy(0xc000108100, 0xc00012dea8, 0x10e289b, 0x105ef32)
	/Users/mike/go/pkg/mod/github.com/gruntwork-io/terratest@v0.23.3/modules/terraform/destroy.go:11 +0x39
github.com/goehlemichael/terraform-podcast.TestTerraformAwsExample(0xc000108100)
	/Users/mike/Desktop/terraform-podcast/tests/podcast_test.go:54 +0x104
testing.tRunner(0xc000108100, 0x13858d0)
	/usr/local/go/src/testing/testing.go:909 +0xc9
created by testing.(*T).Run
	/usr/local/go/src/testing/testing.go:960 +0x350

goroutine 34 [chan receive]:
testing.runTests.func1.1(0xc000108000)
	/usr/local/go/src/testing/testing.go:1207 +0x3b
created by testing.runTests.func1
	/usr/local/go/src/testing/testing.go:1207 +0xac

goroutine 22 [IO wait]:
internal/poll.runtime_pollWait(0x4251f08, 0x72, 0xffffffffffffffff)
	/usr/local/go/src/runtime/netpoll.go:184 +0x55
internal/poll.(*pollDesc).wait(0xc000098678, 0x72, 0x1001, 0x1000, 0xffffffffffffffff)
	/usr/local/go/src/internal/poll/fd_poll_runtime.go:87 +0x45
internal/poll.(*pollDesc).waitRead(...)
	/usr/local/go/src/internal/poll/fd_poll_runtime.go:92
internal/poll.(*FD).Read(0xc000098660, 0xc0001ba000, 0x1000, 0x1000, 0x0, 0x0, 0x0)
	/usr/local/go/src/internal/poll/fd_unix.go:169 +0x22b
os.(*File).read(...)
	/usr/local/go/src/os/file_unix.go:259
os.(*File).Read(0xc000096060, 0xc0001ba000, 0x1000, 0x1000, 0xc000112e98, 0x100b90b, 0x10)
	/usr/local/go/src/os/file.go:116 +0x71
bufio.(*Scanner).Scan(0xc0000fa200, 0xc000018470)
	/usr/local/go/src/bufio/scan.go:213 +0xa4
github.com/gruntwork-io/terratest/modules/shell.readData(0xc000108100, 0xc0000fa200, 0xc000196df0, 0xc000196de8, 0xc00018f500)
	/Users/mike/go/pkg/mod/github.com/gruntwork-io/terratest@v0.23.3/modules/shell/command.go:151 +0xd7
created by github.com/gruntwork-io/terratest/modules/shell.readStdoutAndStderr
	/Users/mike/go/pkg/mod/github.com/gruntwork-io/terratest@v0.23.3/modules/shell/command.go:135 +0x22f

goroutine 21 [IO wait]:
internal/poll.runtime_pollWait(0x4251e38, 0x72, 0xffffffffffffffff)
	/usr/local/go/src/runtime/netpoll.go:184 +0x55
internal/poll.(*pollDesc).wait(0xc0000985b8, 0x72, 0x1001, 0x1000, 0xffffffffffffffff)
	/usr/local/go/src/internal/poll/fd_poll_runtime.go:87 +0x45
internal/poll.(*pollDesc).waitRead(...)
	/usr/local/go/src/internal/poll/fd_poll_runtime.go:92
internal/poll.(*FD).Read(0xc0000985a0, 0xc0001bc000, 0x1000, 0x1000, 0x0, 0x0, 0x0)
	/usr/local/go/src/internal/poll/fd_unix.go:169 +0x22b
os.(*File).read(...)
	/usr/local/go/src/os/file_unix.go:259
os.(*File).Read(0xc000096050, 0xc0001bc000, 0x1000, 0x1000, 0xc000049ea8, 0xc0001ee910, 0x12f0fc0)
	/usr/local/go/src/os/file.go:116 +0x71
bufio.(*Scanner).Scan(0xc0000fa180, 0xc000196de8)
	/usr/local/go/src/bufio/scan.go:213 +0xa4
github.com/gruntwork-io/terratest/modules/shell.readData(0xc000108100, 0xc0000fa180, 0xc000196df0, 0xc000196de8, 0xc00018f500)
	/Users/mike/go/pkg/mod/github.com/gruntwork-io/terratest@v0.23.3/modules/shell/command.go:151 +0xd7
created by github.com/gruntwork-io/terratest/modules/shell.readStdoutAndStderr
	/Users/mike/go/pkg/mod/github.com/gruntwork-io/terratest@v0.23.3/modules/shell/command.go:134 +0x1df
exit status 2
FAIL	github.com/goehlemichael/terraform-podcast	2700.338s
